Component: ARM Compiler 5.06 update 6 (build 750) Tool: armlink [4d35ed]

==============================================================================

Section Cross References

    system_apm32f0xx.o(i.SystemClockConfig) refers to system_apm32f0xx.o(i.SystemClock48M) for SystemClock48M
    system_apm32f0xx.o(i.SystemCoreClockUpdate) refers to system_apm32f0xx.o(.data) for SystemCoreClock
    system_apm32f0xx.o(i.SystemInit) refers to system_apm32f0xx.o(i.SystemClockConfig) for SystemClockConfig
    startup_apm32f072.o(RESET) refers to startup_apm32f072.o(STACK) for __initial_sp
    startup_apm32f072.o(RESET) refers to startup_apm32f072.o(.text) for Reset_Handler
    startup_apm32f072.o(RESET) refers to apm32f0xx_int.o(i.NMI_Handler) for NMI_Handler
    startup_apm32f072.o(RESET) refers to apm32f0xx_int.o(i.HardFault_Handler) for HardFault_Handler
    startup_apm32f072.o(RESET) refers to apm32f0xx_int.o(i.SVC_Handler) for SVC_Handler
    startup_apm32f072.o(RESET) refers to apm32f0xx_int.o(i.PendSV_Handler) for PendSV_Handler
    startup_apm32f072.o(RESET) refers to apm32f0xx_int.o(i.SysTick_Handler) for SysTick_Handler
    startup_apm32f072.o(.text) refers to system_apm32f0xx.o(i.SystemInit) for SystemInit
    startup_apm32f072.o(.text) refers to entry.o(.ARM.Collect$$$$00000000) for __main
    apm32f0xx_adc.o(i.ADC_Reset) refers to apm32f0xx_rcm.o(i.RCM_EnableAPB2PeriphReset) for RCM_EnableAPB2PeriphReset
    apm32f0xx_adc.o(i.ADC_Reset) refers to apm32f0xx_rcm.o(i.RCM_DisableAPB2PeriphReset) for RCM_DisableAPB2PeriphReset
    apm32f0xx_can.o(i.CAN_Reset) refers to apm32f0xx_rcm.o(i.RCM_EnableAPB1PeriphReset) for RCM_EnableAPB1PeriphReset
    apm32f0xx_can.o(i.CAN_Reset) refers to apm32f0xx_rcm.o(i.RCM_DisableAPB1PeriphReset) for RCM_DisableAPB1PeriphReset
    apm32f0xx_cec.o(i.CEC_Reset) refers to apm32f0xx_rcm.o(i.RCM_EnableAPB1PeriphClock) for RCM_EnableAPB1PeriphClock
    apm32f0xx_cec.o(i.CEC_Reset) refers to apm32f0xx_rcm.o(i.RCM_DisableAPB1PeriphReset) for RCM_DisableAPB1PeriphReset
    apm32f0xx_crs.o(i.CRS_Reset) refers to apm32f0xx_rcm.o(i.RCM_EnableAPB1PeriphReset) for RCM_EnableAPB1PeriphReset
    apm32f0xx_crs.o(i.CRS_Reset) refers to apm32f0xx_rcm.o(i.RCM_DisableAPB1PeriphReset) for RCM_DisableAPB1PeriphReset
    apm32f0xx_dac.o(i.DAC_Reset) refers to apm32f0xx_rcm.o(i.RCM_EnableAPB1PeriphReset) for RCM_EnableAPB1PeriphReset
    apm32f0xx_dac.o(i.DAC_Reset) refers to apm32f0xx_rcm.o(i.RCM_DisableAPB1PeriphReset) for RCM_DisableAPB1PeriphReset
    apm32f0xx_fmc.o(i.FMC_ConfigOptionByteUser) refers to apm32f0xx_fmc.o(i.FMC_WaitForReady) for FMC_WaitForReady
    apm32f0xx_fmc.o(i.FMC_ConfigReadOutProtection) refers to apm32f0xx_fmc.o(i.FMC_WaitForReady) for FMC_WaitForReady
    apm32f0xx_fmc.o(i.FMC_DisableOptionByteBOOT) refers to apm32f0xx_fmc.o(i.FMC_WaitForReady) for FMC_WaitForReady
    apm32f0xx_fmc.o(i.FMC_DisableOptionByteSRAMParity) refers to apm32f0xx_fmc.o(i.FMC_WaitForReady) for FMC_WaitForReady
    apm32f0xx_fmc.o(i.FMC_DisableOptionByteVDDA) refers to apm32f0xx_fmc.o(i.FMC_WaitForReady) for FMC_WaitForReady
    apm32f0xx_fmc.o(i.FMC_EnableOptionByteBOOT) refers to apm32f0xx_fmc.o(i.FMC_WaitForReady) for FMC_WaitForReady
    apm32f0xx_fmc.o(i.FMC_EnableOptionByteSRAMParity) refers to apm32f0xx_fmc.o(i.FMC_WaitForReady) for FMC_WaitForReady
    apm32f0xx_fmc.o(i.FMC_EnableOptionByteVDDA) refers to apm32f0xx_fmc.o(i.FMC_WaitForReady) for FMC_WaitForReady
    apm32f0xx_fmc.o(i.FMC_EnableWriteProtection) refers to apm32f0xx_fmc.o(i.FMC_WaitForReady) for FMC_WaitForReady
    apm32f0xx_fmc.o(i.FMC_EraseAllPages) refers to apm32f0xx_fmc.o(i.FMC_WaitForReady) for FMC_WaitForReady
    apm32f0xx_fmc.o(i.FMC_EraseOptionByte) refers to apm32f0xx_fmc.o(i.FMC_WaitForReady) for FMC_WaitForReady
    apm32f0xx_fmc.o(i.FMC_ErasePage) refers to apm32f0xx_fmc.o(i.FMC_WaitForReady) for FMC_WaitForReady
    apm32f0xx_fmc.o(i.FMC_ProgramHalfWord) refers to apm32f0xx_fmc.o(i.FMC_WaitForReady) for FMC_WaitForReady
    apm32f0xx_fmc.o(i.FMC_ProgramOptionByteData) refers to apm32f0xx_fmc.o(i.FMC_WaitForReady) for FMC_WaitForReady
    apm32f0xx_fmc.o(i.FMC_ProgramWord) refers to apm32f0xx_fmc.o(i.FMC_WaitForReady) for FMC_WaitForReady
    apm32f0xx_fmc.o(i.FMC_WaitForReady) refers to apm32f0xx_fmc.o(i.FMC_ReadState) for FMC_ReadState
    apm32f0xx_fmc.o(i.FMC_WriteOptionByteUser) refers to apm32f0xx_fmc.o(i.FMC_WaitForReady) for FMC_WaitForReady
    apm32f0xx_gpio.o(i.GPIO_Reset) refers to apm32f0xx_rcm.o(i.RCM_EnableAHBPeriphReset) for RCM_EnableAHBPeriphReset
    apm32f0xx_gpio.o(i.GPIO_Reset) refers to apm32f0xx_rcm.o(i.RCM_DisableAHBPeriphReset) for RCM_DisableAHBPeriphReset
    apm32f0xx_i2c.o(i.I2C_Reset) refers to apm32f0xx_rcm.o(i.RCM_EnableAPB1PeriphReset) for RCM_EnableAPB1PeriphReset
    apm32f0xx_i2c.o(i.I2C_Reset) refers to apm32f0xx_rcm.o(i.RCM_DisableAPB1PeriphReset) for RCM_DisableAPB1PeriphReset
[...]
    Removing apm32f0xx_crc.o(i.CRC_SelectReverseInputData), (28 bytes).
    Removing apm32f0xx_crc.o(i.CRC_SetPolynomialSize), (28 bytes).
    Removing apm32f0xx_crc.o(i.CRC_SetPolynomialValue), (12 bytes).
    Removing apm32f0xx_crc.o(i.CRC_WriteIDRegister), (12 bytes).
    Removing apm32f0xx_crc.o(i.CRC_WriteInitRegister), (12 bytes).
    Removing apm32f0xx_crs.o(.rev16_text), (4 bytes).
    Removing apm32f0xx_crs.o(.revsh_text), (4 bytes).
    Removing apm32f0xx_crs.o(i.CRS_AdjustHSI48CalibrationValue), (32 bytes).
    Removing apm32f0xx_crs.o(i.CRS_ClearIntFlag), (40 bytes).
    Removing apm32f0xx_crs.o(i.CRS_ClearStatusFlag), (40 bytes).
    Removing apm32f0xx_crs.o(i.CRS_ConfigFrequencyErrorLimit), (32 bytes).
    Removing apm32f0xx_crs.o(i.CRS_ConfigSynchronizationPolarity), (28 bytes).
    Removing apm32f0xx_crs.o(i.CRS_ConfigSynchronizationPrescaler), (32 bytes).
    Removing apm32f0xx_crs.o(i.CRS_ConfigSynchronizationSource), (32 bytes).
    Removing apm32f0xx_crs.o(i.CRS_DisableAutomaticCalibration), (20 bytes).
    Removing apm32f0xx_crs.o(i.CRS_DisableFrequencyErrorCounter), (20 bytes).
    Removing apm32f0xx_crs.o(i.CRS_DisableInterrupt), (16 bytes).
    Removing apm32f0xx_crs.o(i.CRS_EnableAutomaticCalibration), (20 bytes).
    Removing apm32f0xx_crs.o(i.CRS_EnableFrequencyErrorCounter), (20 bytes).
    Removing apm32f0xx_crs.o(i.CRS_EnableInterrupt), (16 bytes).
    Removing apm32f0xx_crs.o(i.CRS_FrequencyErrorCounterReloadValue), (24 bytes).
    Removing apm32f0xx_crs.o(i.CRS_GenerateSoftwareSynchronization), (20 bytes).
    Removing apm32f0xx_crs.o(i.CRS_ReadFrequencyErrorDirection), (16 bytes).
    Removing apm32f0xx_crs.o(i.CRS_ReadFrequencyErrorValue), (12 bytes).
    Removing apm32f0xx_crs.o(i.CRS_ReadHSI48CalibrationValue), (16 bytes).
    Removing apm32f0xx_crs.o(i.CRS_ReadIntFlag), (24 bytes).
    Removing apm32f0xx_crs.o(i.CRS_ReadReloadValue), (12 bytes).
    Removing apm32f0xx_crs.o(i.CRS_ReadStatusFlag), (28 bytes).
    Removing apm32f0xx_crs.o(i.CRS_Reset), (20 bytes).
    Removing apm32f0xx_dac.o(.rev16_text), (4 bytes).
    Removing apm32f0xx_dac.o(.revsh_text), (4 bytes).
    Removing apm32f0xx_dac.o(i.DAC_ClearIntFlag), (12 bytes).
    Removing apm32f0xx_dac.o(i.DAC_ClearStatusFlag), (16 bytes).
    Removing apm32f0xx_dac.o(i.DAC_Config), (32 bytes).
    Removing apm32f0xx_dac.o(i.DAC_ConfigChannel1Data), (32 bytes).
    Removing apm32f0xx_dac.o(i.DAC_ConfigChannel2Data), (32 bytes).
    Removing apm32f0xx_dac.o(i.DAC_ConfigDualChannelData), (40 bytes).
    Removing apm32f0xx_dac.o(i.DAC_ConfigStructInit), (12 bytes).
    Removing apm32f0xx_dac.o(i.DAC_Disable), (40 bytes).
    Removing apm32f0xx_dac.o(i.DAC_DisableDMA), (40 bytes).
    Removing apm32f0xx_dac.o(i.DAC_DisableDualSoftwareTrigger), (20 bytes).
    Removing apm32f0xx_dac.o(i.DAC_DisableInterrupt), (40 bytes).
    Removing apm32f0xx_dac.o(i.DAC_DisableSoftwareTrigger), (36 bytes).
    Removing apm32f0xx_dac.o(i.DAC_DisableWaveGeneration), (20 bytes).
    Removing apm32f0xx_dac.o(i.DAC_Enable), (44 bytes).
    Removing apm32f0xx_dac.o(i.DAC_EnableDMA), (44 bytes).
    Removing apm32f0xx_dac.o(i.DAC_EnableDualSoftwareTrigger), (20 bytes).
    Removing apm32f0xx_dac.o(i.DAC_EnableInterrupt), (44 bytes).
    Removing apm32f0xx_dac.o(i.DAC_EnableSoftwareTrigger), (40 bytes).
    Removing apm32f0xx_dac.o(i.DAC_EnableWaveGeneration), (20 bytes).
    Removing apm32f0xx_dac.o(i.DAC_ReadDataOutputValue), (32 bytes).
    Removing apm32f0xx_dac.o(i.DAC_ReadIntFlag), (36 bytes).
    Removing apm32f0xx_dac.o(i.DAC_ReadStatusFlag), (28 bytes).
    Removing apm32f0xx_dac.o(i.DAC_Reset), (20 bytes).
    Removing apm32f0xx_dbg.o(.rev16_text), (4 bytes).
    Removing apm32f0xx_dbg.o(.revsh_text), (4 bytes).
    Removing apm32f0xx_dbg.o(i.DBG_DisableAPB1Periph), (16 bytes).
    Removing apm32f0xx_dbg.o(i.DBG_DisableAPB2Periph), (16 bytes).
    Removing apm32f0xx_dbg.o(i.DBG_DisableDebugMode), (16 bytes).
    Removing apm32f0xx_dbg.o(i.DBG_EnableAPB1Periph), (16 bytes).
    Removing apm32f0xx_dbg.o(i.DBG_EnableAPB2Periph), (16 bytes).
    Removing apm32f0xx_dbg.o(i.DBG_EnableDebugMode), (16 bytes).
    Removing apm32f0xx_dbg.o(i.DBG_ReadDevId), (16 bytes).
    Removing apm32f0xx_dbg.o(i.DBG_ReadRevId), (12 bytes).
    Removing apm32f0xx_dma.o(.rev16_text), (4 bytes).
    Removing apm32f0xx_dma.o(.revsh_text), (4 bytes).
    Removing apm32f0xx_dma.o(i.DMA_ClearIntFlag), (52 bytes).
    Removing apm32f0xx_dma.o(i.DMA_ClearStatusFlag), (52 bytes).
    Removing apm32f0xx_dma.o(i.DMA_Config), (168 bytes).
    Removing apm32f0xx_dma.o(i.DMA_ConfigRemap), (36 bytes).
    Removing apm32f0xx_dma.o(i.DMA_ConfigStructInit), (26 bytes).
    Removing apm32f0xx_dma.o(i.DMA_Disable), (10 bytes).
    Removing apm32f0xx_dma.o(i.DMA_DisableInterrupt), (8 bytes).
    Removing apm32f0xx_dma.o(i.DMA_Enable), (12 bytes).
    Removing apm32f0xx_dma.o(i.DMA_EnableInterrupt), (8 bytes).
    Removing apm32f0xx_dma.o(i.DMA_ReadDataNumber), (6 bytes).
    Removing apm32f0xx_dma.o(i.DMA_ReadIntFlag), (56 bytes).
    Removing apm32f0xx_dma.o(i.DMA_ReadStatusFlag), (56 bytes).
    Removing apm32f0xx_dma.o(i.DMA_Reset), (256 bytes).
    Removing apm32f0xx_dma.o(i.DMA_SetDataNumber), (4 bytes).
    Removing apm32f0xx_eint.o(.rev16_text), (4 bytes).
    Removing apm32f0xx_eint.o(.revsh_text), (4 bytes).
    Removing apm32f0xx_eint.o(i.EINT_ClearIntFlag), (12 bytes).
    Removing apm32f0xx_eint.o(i.EINT_ClearStatusFlag), (12 bytes).
    Removing apm32f0xx_eint.o(i.EINT_Config), (156 bytes).
    Removing apm32f0xx_eint.o(i.EINT_ConfigStructInit), (16 bytes).
    Removing apm32f0xx_eint.o(i.EINT_ReadIntFlag), (40 bytes).
    Removing apm32f0xx_eint.o(i.EINT_ReadStatusFlag), (28 bytes).
    Removing apm32f0xx_eint.o(i.EINT_Reset), (28 bytes).
    Removing apm32f0xx_eint.o(i.EINT_SelectSWInterrupt), (16 bytes).
    Removing apm32f0xx_fmc.o(.rev16_text), (4 bytes).
    Removing apm32f0xx_fmc.o(.revsh_text), (4 bytes).
    Removing apm32f0xx_fmc.o(i.FMC_ClearStatusFlag), (16 bytes).
    Removing apm32f0xx_fmc.o(i.FMC_ConfigOptionByteUser), (108 bytes).
    Removing apm32f0xx_fmc.o(i.FMC_ConfigReadOutProtection), (168 bytes).
    Removing apm32f0xx_fmc.o(i.FMC_DisableInterrupt), (16 bytes).
    Removing apm32f0xx_fmc.o(i.FMC_DisableOptionByteBOOT), (80 bytes).
    Removing apm32f0xx_fmc.o(i.FMC_DisableOptionByteSRAMParity), (80 bytes).
    Removing apm32f0xx_fmc.o(i.FMC_DisableOptionByteVDDA), (80 bytes).
    Removing apm32f0xx_fmc.o(i.FMC_DisablePrefetchBuffer), (20 bytes).
    Removing apm32f0xx_fmc.o(i.FMC_EnableInterrupt), (16 bytes).
    Removing apm32f0xx_fmc.o(i.FMC_EnableOptionByteBOOT), (84 bytes).
    Removing apm32f0xx_fmc.o(i.FMC_EnableOptionByteSRAMParity), (84 bytes).
    Removing apm32f0xx_fmc.o(i.FMC_EnableOptionByteVDDA), (84 bytes).
    Removing apm32f0xx_fmc.o(i.FMC_EnablePrefetchBuffer), (20 bytes).
    Removing apm32f0xx_fmc.o(i.FMC_EnableWriteProtection), (128 bytes).
    Removing apm32f0xx_fmc.o(i.FMC_EraseAllPages), (76 bytes).
    Removing apm32f0xx_fmc.o(i.FMC_EraseOptionByte), (184 bytes).
    Removing apm32f0xx_fmc.o(i.FMC_ErasePage), (80 bytes).
    Removing apm32f0xx_fmc.o(i.FMC_GetReadProtectionStatus), (24 bytes).
    Removing apm32f0xx_fmc.o(i.FMC_LaunchOptionByte), (24 bytes).
    Removing apm32f0xx_fmc.o(i.FMC_Lock), (20 bytes).
    Removing apm32f0xx_fmc.o(i.FMC_LockOptionByte), (20 bytes).
    Removing apm32f0xx_fmc.o(i.FMC_ProgramHalfWord), (68 bytes).
    Removing apm32f0xx_fmc.o(i.FMC_ProgramOptionByteData), (72 bytes).
    Removing apm32f0xx_fmc.o(i.FMC_ProgramWord), (84 bytes).
    Removing apm32f0xx_fmc.o(i.FMC_ReadOptionByteUser), (16 bytes).
    Removing apm32f0xx_fmc.o(i.FMC_ReadOptionByteWriteProtection), (12 bytes).
    Removing apm32f0xx_fmc.o(i.FMC_ReadPrefetchBufferStatus), (24 bytes).
    Removing apm32f0xx_fmc.o(i.FMC_ReadState), (44 bytes).
    Removing apm32f0xx_fmc.o(i.FMC_ReadStatusFlag), (40 bytes).
    Removing apm32f0xx_fmc.o(i.FMC_SetLatency), (24 bytes).
    Removing apm32f0xx_fmc.o(i.FMC_Unlock), (24 bytes).
    Removing apm32f0xx_fmc.o(i.FMC_UnlockOptionByte), (24 bytes).
    Removing apm32f0xx_fmc.o(i.FMC_WaitForReady), (28 bytes).
    Removing apm32f0xx_fmc.o(i.FMC_WriteOptionByteUser), (76 bytes).
    Removing apm32f0xx_gpio.o(.rev16_text), (4 bytes).
    Removing apm32f0xx_gpio.o(.revsh_text), (4 bytes).
    Removing apm32f0xx_gpio.o(i.GPIO_ClearBit), (4 bytes).
    Removing apm32f0xx_gpio.o(i.GPIO_ConfigPinLock), (22 bytes).
    Removing apm32f0xx_gpio.o(i.GPIO_ConfigStructInit), (22 bytes).
    Removing apm32f0xx_gpio.o(i.GPIO_ReadInputBit), (20 bytes).
    Removing apm32f0xx_gpio.o(i.GPIO_ReadInputPort), (8 bytes).
    Removing apm32f0xx_gpio.o(i.GPIO_ReadOutputBit), (20 bytes).
    Removing apm32f0xx_gpio.o(i.GPIO_ReadOutputPort), (8 bytes).
    Removing apm32f0xx_gpio.o(i.GPIO_Reset), (160 bytes).
    Removing apm32f0xx_gpio.o(i.GPIO_WriteBitValue), (12 bytes).
    Removing apm32f0xx_gpio.o(i.GPIO_WriteOutputPort), (4 bytes).
    Removing apm32f0xx_i2c.o(.rev16_text), (4 bytes).
    Removing apm32f0xx_i2c.o(.revsh_text), (4 bytes).
    Removing apm32f0xx_i2c.o(i.I2C_ClearIntFlag), (4 bytes).
    Removing apm32f0xx_i2c.o(i.I2C_ConfigMasterRequest), (24 bytes).
    Removing apm32f0xx_i2c.o(i.I2C_ConfigNumberOfBytes), (42 bytes).
    Removing apm32f0xx_i2c.o(i.I2C_ConfigStructInit), (22 bytes).
    Removing apm32f0xx_i2c.o(i.I2C_ConfigTimeoutA), (16 bytes).
    Removing apm32f0xx_i2c.o(i.I2C_ConfigTimeoutB), (28 bytes).
    Removing apm32f0xx_i2c.o(i.I2C_Disable), (10 bytes).
    Removing apm32f0xx_i2c.o(i.I2C_Disable10BitAddressHeader), (12 bytes).
    Removing apm32f0xx_i2c.o(i.I2C_Disable10BitAddressingMode), (12 bytes).
    Removing apm32f0xx_i2c.o(i.I2C_DisableAcknowledge), (14 bytes).
    Removing apm32f0xx_i2c.o(i.I2C_DisableAutoEnd), (12 bytes).
    Removing apm32f0xx_i2c.o(i.I2C_DisableBroadcastCall), (12 bytes).
    Removing apm32f0xx_i2c.o(i.I2C_DisableClockTimeout), (12 bytes).
    Removing apm32f0xx_i2c.o(i.I2C_DisableDMA), (28 bytes).
    Removing apm32f0xx_i2c.o(i.I2C_DisableExtendClockTimeout), (10 bytes).
    Removing apm32f0xx_i2c.o(i.I2C_DisableGenerateStart), (12 bytes).
    Removing apm32f0xx_i2c.o(i.I2C_DisableGenerateStop), (12 bytes).
    Removing apm32f0xx_i2c.o(i.I2C_DisableIdleClockTimeout), (12 bytes).
    Removing apm32f0xx_i2c.o(i.I2C_DisableInterrupt), (8 bytes).
    Removing apm32f0xx_i2c.o(i.I2C_DisableOwnAddress2), (12 bytes).
    Removing apm32f0xx_i2c.o(i.I2C_DisablePEC), (12 bytes).
    Removing apm32f0xx_i2c.o(i.I2C_DisablePECRequest), (12 bytes).
    Removing apm32f0xx_i2c.o(i.I2C_DisableReload), (12 bytes).
    Removing apm32f0xx_i2c.o(i.I2C_DisableSMBusAlert), (12 bytes).
    Removing apm32f0xx_i2c.o(i.I2C_DisableSMBusDAEN), (12 bytes).
    Removing apm32f0xx_i2c.o(i.I2C_DisableSMBusHAEN), (12 bytes).
    Removing apm32f0xx_i2c.o(i.I2C_DisableSlaveByteControl), (12 bytes).
    Removing apm32f0xx_i2c.o(i.I2C_DisableStopMode), (12 bytes).
    Removing apm32f0xx_i2c.o(i.I2C_DisableStretchClock), (14 bytes).
    Removing apm32f0xx_i2c.o(i.I2C_Enable10BitAddressHeader), (14 bytes).
    Removing apm32f0xx_i2c.o(i.I2C_Enable10BitAddressingMode), (14 bytes).
    Removing apm32f0xx_i2c.o(i.I2C_EnableAcknowledge), (12 bytes).
    Removing apm32f0xx_i2c.o(i.I2C_EnableAutoEnd), (14 bytes).
    Removing apm32f0xx_i2c.o(i.I2C_EnableBroadcastCall), (14 bytes).
    Removing apm32f0xx_i2c.o(i.I2C_EnableClockTimeout), (14 bytes).
    Removing apm32f0xx_i2c.o(i.I2C_EnableDMA), (32 bytes).
    Removing apm32f0xx_i2c.o(i.I2C_EnableExtendClockTimeout), (16 bytes).
    Removing apm32f0xx_i2c.o(i.I2C_EnableGenerateStop), (14 bytes).
    Removing apm32f0xx_i2c.o(i.I2C_EnableIdleClockTimeout), (14 bytes).
    Removing apm32f0xx_i2c.o(i.I2C_EnableInterrupt), (8 bytes).
    Removing apm32f0xx_i2c.o(i.I2C_EnableOwnAddress2), (14 bytes).
    Removing apm32f0xx_i2c.o(i.I2C_EnablePEC), (14 bytes).
    Removing apm32f0xx_i2c.o(i.I2C_EnablePECRequest), (14 bytes).
    Removing apm32f0xx_i2c.o(i.I2C_EnableReload), (14 bytes).
    Removing apm32f0xx_i2c.o(i.I2C_EnableSMBusAlert), (14 bytes).
    Removing apm32f0xx_i2c.o(i.I2C_EnableSMBusDAEN), (14 bytes).
    Removing apm32f0xx_i2c.o(i.I2C_EnableSMBusHAEN), (14 bytes).
    Removing apm32f0xx_i2c.o(i.I2C_EnableSlaveByteControl), (14 bytes).
    Removing apm32f0xx_i2c.o(i.I2C_EnableStopMode), (14 bytes).
    Removing apm32f0xx_i2c.o(i.I2C_EnableStretchClock), (12 bytes).
    Removing apm32f0xx_i2c.o(i.I2C_OwnAddress2Mask), (40 bytes).
    Removing apm32f0xx_i2c.o(i.I2C_ReadAddressMatched), (10 bytes).
    Removing apm32f0xx_i2c.o(i.I2C_ReadIntFlag), (76 bytes).
    Removing apm32f0xx_i2c.o(i.I2C_ReadPEC), (8 bytes).
    Removing apm32f0xx_i2c.o(i.I2C_ReadRegister), (22 bytes).
    Removing apm32f0xx_i2c.o(i.I2C_ReadTransferDirection), (24 bytes).
    Removing apm32f0xx_i2c.o(i.I2C_SlaveAddress), (30 bytes).
    Removing apm32f0xx_i2c.o(i.I2C_SoftwareReset), (22 bytes).
    Removing apm32f0xx_iwdt.o(.rev16_text), (4 bytes).
    Removing apm32f0xx_iwdt.o(.revsh_text), (4 bytes).
    Removing apm32f0xx_iwdt.o(i.IWDT_ConfigDivider), (12 bytes).
    Removing apm32f0xx_iwdt.o(i.IWDT_ConfigReload), (12 bytes).
    Removing apm32f0xx_iwdt.o(i.IWDT_ConfigWindowValue), (12 bytes).
    Removing apm32f0xx_iwdt.o(i.IWDT_DisableWriteAccess), (12 bytes).
    Removing apm32f0xx_iwdt.o(i.IWDT_Enable), (16 bytes).
    Removing apm32f0xx_iwdt.o(i.IWDT_EnableWriteAccess), (16 bytes).
    Removing apm32f0xx_iwdt.o(i.IWDT_ReadStatusFlag), (28 bytes).
    Removing apm32f0xx_iwdt.o(i.IWDT_Refresh), (16 bytes).
    Removing apm32f0xx_misc.o(.rev16_text), (4 bytes).
    Removing apm32f0xx_misc.o(.revsh_text), (4 bytes).
    Removing apm32f0xx_misc.o(i.NVIC_DisableIRQRequest), (24 bytes).
    Removing apm32f0xx_misc.o(i.NVIC_DisableSystemLowPower), (16 bytes).
    Removing apm32f0xx_misc.o(i.NVIC_EnableSystemLowPower), (16 bytes).
    Removing apm32f0xx_misc.o(i.PMU_EnterHaltModeWFE), (24 bytes).
    Removing apm32f0xx_misc.o(i.PMU_EnterHaltModeWFI), (24 bytes).
    Removing apm32f0xx_misc.o(i.PMU_EnterWaitMode), (20 bytes).
    Removing apm32f0xx_misc.o(i.SysTick_ConfigCLKSource), (36 bytes).
    Removing apm32f0xx_ob.o(.rev16_text), (4 bytes).
    Removing apm32f0xx_ob.o(.revsh_text), (4 bytes).
    Removing apm32f0xx_ob.o(i.OB_OptionBytesBoot1), (28 bytes).
    Removing apm32f0xx_ob.o(i.OB_OptionBytesRamParity), (28 bytes).
    Removing apm32f0xx_ob.o(i.OB_OptionBytesStandby), (28 bytes).
    Removing apm32f0xx_ob.o(i.OB_OptionBytesStop), (28 bytes).
    Removing apm32f0xx_ob.o(i.OB_OptionBytesVddaAnalog), (28 bytes).
    Removing apm32f0xx_ob.o(i.OB_OptionBytesWatchdog), (24 bytes).
    Removing apm32f0xx_ob.o(i.OB_ReadProtectionOptionByte), (24 bytes).
    Removing apm32f0xx_pmu.o(.rev16_text), (4 bytes).
    Removing apm32f0xx_pmu.o(.revsh_text), (4 bytes).
    Removing apm32f0xx_pmu.o(i.PMU_ClearStatusFlag), (44 bytes).
    Removing apm32f0xx_pmu.o(i.PMU_ConfigPVDLevel), (28 bytes).
    Removing apm32f0xx_pmu.o(i.PMU_DisableBackupAccess), (20 bytes).
    Removing apm32f0xx_pmu.o(i.PMU_DisablePVD), (20 bytes).
    Removing apm32f0xx_pmu.o(i.PMU_DisableWakeUpPin), (16 bytes).
    Removing apm32f0xx_pmu.o(i.PMU_EnableBackupAccess), (24 bytes).
    Removing apm32f0xx_pmu.o(i.PMU_EnablePVD), (20 bytes).
    Removing apm32f0xx_pmu.o(i.PMU_EnableWakeUpPin), (16 bytes).
    Removing apm32f0xx_pmu.o(i.PMU_EnterSTANDBYMode), (40 bytes).
    Removing apm32f0xx_pmu.o(i.PMU_EnterSTOPMode), (116 bytes).
    Removing apm32f0xx_pmu.o(i.PMU_EnterSleepMode), (32 bytes).
    Removing apm32f0xx_pmu.o(i.PMU_ReadStatusFlag), (24 bytes).
    Removing apm32f0xx_pmu.o(i.PMU_Reset), (20 bytes).
    Removing apm32f0xx_rcm.o(.rev16_text), (4 bytes).
    Removing apm32f0xx_rcm.o(.revsh_text), (4 bytes).
    Removing apm32f0xx_rcm.o(i.RCM_ClearIntFlag), (20 bytes).
    Removing apm32f0xx_rcm.o(i.RCM_ClearStatusFlag), (24 bytes).
    Removing apm32f0xx_rcm.o(i.RCM_ConfigAHB), (28 bytes).
    Removing apm32f0xx_rcm.o(i.RCM_ConfigAPB), (32 bytes).
    Removing apm32f0xx_rcm.o(i.RCM_ConfigCECCLK), (28 bytes).
    Removing apm32f0xx_rcm.o(i.RCM_ConfigCLKDIV), (24 bytes).
    Removing apm32f0xx_rcm.o(i.RCM_ConfigCOC), (112 bytes).
    Removing apm32f0xx_rcm.o(i.RCM_ConfigDriveLSE), (28 bytes).
    Removing apm32f0xx_rcm.o(i.RCM_ConfigHSE), (92 bytes).
    Removing apm32f0xx_rcm.o(i.RCM_ConfigLSE), (76 bytes).
    Removing apm32f0xx_rcm.o(i.RCM_ConfigPLL), (56 bytes).
    Removing apm32f0xx_rcm.o(i.RCM_ConfigRTCCLK), (32 bytes).
    Removing apm32f0xx_rcm.o(i.RCM_ConfigSYSCLK), (24 bytes).
    Removing apm32f0xx_rcm.o(i.RCM_ConfigUSARTCLK), (88 bytes).
    Removing apm32f0xx_rcm.o(i.RCM_ConfigUSBCLK), (28 bytes).
    Removing apm32f0xx_rcm.o(i.RCM_DisableAHBPeriphClock), (16 bytes).
    Removing apm32f0xx_rcm.o(i.RCM_DisableAHBPeriphReset), (16 bytes).
    Removing apm32f0xx_rcm.o(i.RCM_DisableAPB1PeriphClock), (16 bytes).
    Removing apm32f0xx_rcm.o(i.RCM_DisableAPB2PeriphClock), (16 bytes).
    Removing apm32f0xx_rcm.o(i.RCM_DisableAPB2PeriphReset), (16 bytes).
    Removing apm32f0xx_rcm.o(i.RCM_DisableBackupReset), (20 bytes).
    Removing apm32f0xx_rcm.o(i.RCM_DisableCCS), (20 bytes).
    Removing apm32f0xx_rcm.o(i.RCM_DisableHSI), (20 bytes).
    Removing apm32f0xx_rcm.o(i.RCM_DisableHSI14), (20 bytes).
    Removing apm32f0xx_rcm.o(i.RCM_DisableHSI14ADC), (20 bytes).
    Removing apm32f0xx_rcm.o(i.RCM_DisableHSI48), (20 bytes).
    Removing apm32f0xx_rcm.o(i.RCM_DisableInterrupt), (20 bytes).
    Removing apm32f0xx_rcm.o(i.RCM_DisableLSI), (20 bytes).
    Removing apm32f0xx_rcm.o(i.RCM_DisablePLL), (20 bytes).
    Removing apm32f0xx_rcm.o(i.RCM_DisableRTCCLK), (20 bytes).
    Removing apm32f0xx_rcm.o(i.RCM_EnableAHBPeriphReset), (16 bytes).
    Removing apm32f0xx_rcm.o(i.RCM_EnableAPB2PeriphReset), (16 bytes).
    Removing apm32f0xx_rcm.o(i.RCM_EnableBackupReset), (24 bytes).
    Removing apm32f0xx_rcm.o(i.RCM_EnableCCS), (24 bytes).
    Removing apm32f0xx_rcm.o(i.RCM_EnableHSI), (20 bytes).
    Removing apm32f0xx_rcm.o(i.RCM_EnableHSI14), (20 bytes).
    Removing apm32f0xx_rcm.o(i.RCM_EnableHSI14ADC), (20 bytes).
    Removing apm32f0xx_rcm.o(i.RCM_EnableHSI48), (24 bytes).
    Removing apm32f0xx_rcm.o(i.RCM_EnableInterrupt), (20 bytes).
    Removing apm32f0xx_rcm.o(i.RCM_EnableLSI), (20 bytes).
    Removing apm32f0xx_rcm.o(i.RCM_EnablePLL), (24 bytes).
    Removing apm32f0xx_rcm.o(i.RCM_EnableRTCCLK), (24 bytes).
    Removing apm32f0xx_rcm.o(i.RCM_ReadADCCLKFreq), (56 bytes).
    Removing apm32f0xx_rcm.o(i.RCM_ReadCECCLKFreq), (28 bytes).
    Removing apm32f0xx_rcm.o(i.RCM_ReadHCLKFreq), (60 bytes).
    Removing apm32f0xx_rcm.o(i.RCM_ReadHSI48CalibrationValue), (12 bytes).
    Removing apm32f0xx_rcm.o(i.RCM_ReadI2C1CLKFreq), (40 bytes).
    Removing apm32f0xx_rcm.o(i.RCM_ReadIntFlag), (28 bytes).
    Removing apm32f0xx_rcm.o(i.RCM_ReadSYSCLKSource), (16 bytes).
    Removing apm32f0xx_rcm.o(i.RCM_ReadStatusFlag), (80 bytes).
    Removing apm32f0xx_rcm.o(i.RCM_ReadUSBCLKFreq), (108 bytes).
    Removing apm32f0xx_rcm.o(i.RCM_Reset), (124 bytes).
    Removing apm32f0xx_rcm.o(i.RCM_SetHSI14Trim), (28 bytes).
    Removing apm32f0xx_rcm.o(i.RCM_SetHSITrim), (28 bytes).
    Removing apm32f0xx_rcm.o(i.RCM_WaitHSEReady), (48 bytes).
    Removing apm32f0xx_rtc.o(.rev16_text), (4 bytes).
    Removing apm32f0xx_rtc.o(.revsh_text), (4 bytes).
    Removing apm32f0xx_rtc.o(i.RTC_Bcd2ConByte), (26 bytes).
    Removing apm32f0xx_rtc.o(i.RTC_ByteConBcd2), (28 bytes).
    Removing apm32f0xx_rtc.o(i.RTC_ClearIntFlag), (20 bytes).
    Removing apm32f0xx_rtc.o(i.RTC_ClearStatusFlag), (16 bytes).
    Removing apm32f0xx_rtc.o(i.RTC_Config), (108 bytes).
    Removing apm32f0xx_rtc.o(i.RTC_ConfigAlarm), (192 bytes).
    Removing apm32f0xx_rtc.o(i.RTC_ConfigAlarmStructInit), (28 bytes).
    Removing apm32f0xx_rtc.o(i.RTC_ConfigAlarmSubSecond), (64 bytes).
    Removing apm32f0xx_rtc.o(i.RTC_ConfigCalibOutput), (44 bytes).
    Removing apm32f0xx_rtc.o(i.RTC_ConfigDate), (172 bytes).
    Removing apm32f0xx_rtc.o(i.RTC_ConfigDateStructInit), (14 bytes).
    Removing apm32f0xx_rtc.o(i.RTC_ConfigDayLightSaving), (108 bytes).
    Removing apm32f0xx_rtc.o(i.RTC_ConfigFilter), (32 bytes).
    Removing apm32f0xx_rtc.o(i.RTC_ConfigOutput), (68 bytes).
    Removing apm32f0xx_rtc.o(i.RTC_ConfigOutputType), (32 bytes).
    Removing apm32f0xx_rtc.o(i.RTC_ConfigSamplingFreq), (32 bytes).
    Removing apm32f0xx_rtc.o(i.RTC_ConfigSmoothCalib), (116 bytes).
    Removing apm32f0xx_rtc.o(i.RTC_ConfigStructInit), (14 bytes).
    Removing apm32f0xx_rtc.o(i.RTC_ConfigSynchroShift), (148 bytes).
    Removing apm32f0xx_rtc.o(i.RTC_ConfigTamperTrigger), (116 bytes).
    Removing apm32f0xx_rtc.o(i.RTC_ConfigTime), (196 bytes).
    Removing apm32f0xx_rtc.o(i.RTC_ConfigTimeStructInit), (12 bytes).
    Removing apm32f0xx_rtc.o(i.RTC_ConfigWakeUpClock), (36 bytes).
    Removing apm32f0xx_rtc.o(i.RTC_DisableAlarm), (88 bytes).
    Removing apm32f0xx_rtc.o(i.RTC_DisableBypassShadow), (28 bytes).
    Removing apm32f0xx_rtc.o(i.RTC_DisableCalibOutput), (32 bytes).
    Removing apm32f0xx_rtc.o(i.RTC_DisableInit), (20 bytes).
    Removing apm32f0xx_rtc.o(i.RTC_DisableInterrupt), (52 bytes).
    Removing apm32f0xx_rtc.o(i.RTC_DisablePullUp), (20 bytes).
    Removing apm32f0xx_rtc.o(i.RTC_DisableRefClock), (52 bytes).
    Removing apm32f0xx_rtc.o(i.RTC_DisableTDE), (20 bytes).
    Removing apm32f0xx_rtc.o(i.RTC_DisableTamper), (56 bytes).
    Removing apm32f0xx_rtc.o(i.RTC_DisableTimeStamp), (52 bytes).
    Removing apm32f0xx_rtc.o(i.RTC_DisableWakeUp), (88 bytes).
    Removing apm32f0xx_rtc.o(i.RTC_DisableWriteProtection), (16 bytes).
    Removing apm32f0xx_rtc.o(i.RTC_EnableAlarm), (32 bytes).
    Removing apm32f0xx_rtc.o(i.RTC_EnableBypassShadow), (32 bytes).
    Removing apm32f0xx_rtc.o(i.RTC_EnableCalibOutput), (32 bytes).
    Removing apm32f0xx_rtc.o(i.RTC_EnableInit), (84 bytes).
    Removing apm32f0xx_rtc.o(i.RTC_EnableInterrupt), (52 bytes).
    Removing apm32f0xx_rtc.o(i.RTC_EnablePullUp), (24 bytes).
    Removing apm32f0xx_rtc.o(i.RTC_EnableRefClock), (52 bytes).
    Removing apm32f0xx_rtc.o(i.RTC_EnableTDE), (20 bytes).
    Removing apm32f0xx_rtc.o(i.RTC_EnableTamper), (60 bytes).
    Removing apm32f0xx_rtc.o(i.RTC_EnableTimeStamp), (56 bytes).
    Removing apm32f0xx_rtc.o(i.RTC_EnableWakeUp), (32 bytes).
    Removing apm32f0xx_rtc.o(i.RTC_EnableWriteProtection), (12 bytes).
    Removing apm32f0xx_rtc.o(i.RTC_PinsPrechargeDuration), (32 bytes).
    Removing apm32f0xx_rtc.o(i.RTC_ReadAlarm), (248 bytes).
    Removing apm32f0xx_rtc.o(i.RTC_ReadAlarmSubSecond), (16 bytes).
    Removing apm32f0xx_rtc.o(i.RTC_ReadBackup), (60 bytes).
    Removing apm32f0xx_rtc.o(i.RTC_ReadDate), (96 bytes).
    Removing apm32f0xx_rtc.o(i.RTC_ReadIntFlag), (64 bytes).
    Removing apm32f0xx_rtc.o(i.RTC_ReadStatusFlag), (24 bytes).
    Removing apm32f0xx_rtc.o(i.RTC_ReadStoreOperation), (16 bytes).
    Removing apm32f0xx_rtc.o(i.RTC_ReadSubSecond), (16 bytes).
    Removing apm32f0xx_rtc.o(i.RTC_ReadTime), (92 bytes).
    Removing apm32f0xx_rtc.o(i.RTC_ReadTimeDate), (160 bytes).
    Removing apm32f0xx_rtc.o(i.RTC_ReadTimeStampSubSecond), (12 bytes).
    Removing apm32f0xx_rtc.o(i.RTC_ReadWakeUpValue), (12 bytes).
    Removing apm32f0xx_rtc.o(i.RTC_Reset), (116 bytes).
    Removing apm32f0xx_rtc.o(i.RTC_SetWakeUpValue), (24 bytes).
    Removing apm32f0xx_rtc.o(i.RTC_WaitForSynchro), (104 bytes).
    Removing apm32f0xx_rtc.o(i.RTC_WriteBackup), (56 bytes).
    Removing apm32f0xx_spi.o(.rev16_text), (4 bytes).
    Removing apm32f0xx_spi.o(.revsh_text), (4 bytes).
    Removing apm32f0xx_spi.o(i.I2S_Config), (296 bytes).
    Removing apm32f0xx_spi.o(i.I2S_ConfigStructInit), (20 bytes).
    Removing apm32f0xx_spi.o(i.I2S_Disable), (12 bytes).
    Removing apm32f0xx_spi.o(i.I2S_Enable), (14 bytes).
    Removing apm32f0xx_spi.o(i.SPI_CRCLength), (24 bytes).
    Removing apm32f0xx_spi.o(i.SPI_ClearStatusFlag), (8 bytes).
    Removing apm32f0xx_spi.o(i.SPI_Config), (160 bytes).
    Removing apm32f0xx_spi.o(i.SPI_ConfigDatalength), (24 bytes).
    Removing apm32f0xx_spi.o(i.SPI_ConfigFIFOThreshold), (24 bytes).
    Removing apm32f0xx_spi.o(i.SPI_ConfigStructInit), (32 bytes).
    Removing apm32f0xx_spi.o(i.SPI_Disable), (10 bytes).
    Removing apm32f0xx_spi.o(i.SPI_DisableCRC), (12 bytes).
    Removing apm32f0xx_spi.o(i.SPI_DisableDMARxBuffer), (10 bytes).
    Removing apm32f0xx_spi.o(i.SPI_DisableDMATxBuffer), (10 bytes).
    Removing apm32f0xx_spi.o(i.SPI_DisableFrameFormatMode), (10 bytes).
    Removing apm32f0xx_spi.o(i.SPI_DisableInternalSlave), (12 bytes).
    Removing apm32f0xx_spi.o(i.SPI_DisableInterrupt), (12 bytes).
    Removing apm32f0xx_spi.o(i.SPI_DisableNSSPulse), (10 bytes).
    Removing apm32f0xx_spi.o(i.SPI_DisableOutputDirection), (12 bytes).
    Removing apm32f0xx_spi.o(i.SPI_DisableSSoutput), (10 bytes).
    Removing apm32f0xx_spi.o(i.SPI_Enable), (12 bytes).
    Removing apm32f0xx_spi.o(i.SPI_EnableCRC), (14 bytes).
    Removing apm32f0xx_spi.o(i.SPI_EnableDMARxBuffer), (12 bytes).
    Removing apm32f0xx_spi.o(i.SPI_EnableDMATxBuffer), (12 bytes).
    Removing apm32f0xx_spi.o(i.SPI_EnableFrameFormatMode), (12 bytes).
    Removing apm32f0xx_spi.o(i.SPI_EnableInternalSlave), (14 bytes).
    Removing apm32f0xx_spi.o(i.SPI_EnableInterrupt), (8 bytes).
    Removing apm32f0xx_spi.o(i.SPI_EnableNSSPulse), (12 bytes).
    Removing apm32f0xx_spi.o(i.SPI_EnableOutputDirection), (14 bytes).
    Removing apm32f0xx_spi.o(i.SPI_EnableSSoutput), (12 bytes).
    Removing apm32f0xx_spi.o(i.SPI_I2S_RxData16), (8 bytes).
    Removing apm32f0xx_spi.o(i.SPI_I2S_TxData16), (4 bytes).
    Removing apm32f0xx_spi.o(i.SPI_LastDMATransfer), (20 bytes).
    Removing apm32f0xx_spi.o(i.SPI_ReadCRCPolynomial), (8 bytes).
    Removing apm32f0xx_spi.o(i.SPI_ReadIntFlag), (38 bytes).
    Removing apm32f0xx_spi.o(i.SPI_ReadReceptionFIFOLeve), (10 bytes).
    Removing apm32f0xx_spi.o(i.SPI_ReadRxCRC), (8 bytes).
    Removing apm32f0xx_spi.o(i.SPI_ReadStatusFlag), (20 bytes).
    Removing apm32f0xx_spi.o(i.SPI_ReadTransmissionFIFOLeve), (10 bytes).
    Removing apm32f0xx_spi.o(i.SPI_ReadTxCRC), (8 bytes).
    Removing apm32f0xx_spi.o(i.SPI_Reset), (48 bytes).
    Removing apm32f0xx_spi.o(i.SPI_RxData8), (6 bytes).
    Removing apm32f0xx_spi.o(i.SPI_TxCRC), (14 bytes).
    Removing apm32f0xx_spi.o(i.SPI_TxData8), (4 bytes).
    Removing apm32f0xx_syscfg.o(.rev16_text), (4 bytes).
    Removing apm32f0xx_syscfg.o(.revsh_text), (4 bytes).
    Removing apm32f0xx_syscfg.o(i.SYSCFG_BreakLock), (92 bytes).
    Removing apm32f0xx_syscfg.o(i.SYSCFG_ClearStatusFlag), (16 bytes).
    Removing apm32f0xx_syscfg.o(i.SYSCFG_DisableDMAChannelRemap), (16 bytes).
    Removing apm32f0xx_syscfg.o(i.SYSCFG_DisableI2CFastModePlus), (16 bytes).
    Removing apm32f0xx_syscfg.o(i.SYSCFG_EINTLine), (152 bytes).
    Removing apm32f0xx_syscfg.o(i.SYSCFG_EnableDMAChannelRemap), (16 bytes).
    Removing apm32f0xx_syscfg.o(i.SYSCFG_EnableI2CFastModePlus), (16 bytes).
    Removing apm32f0xx_syscfg.o(i.SYSCFG_MemoryRemapSelect), (24 bytes).
    Removing apm32f0xx_syscfg.o(i.SYSCFG_ReadStatusFlag), (28 bytes).
    Removing apm32f0xx_syscfg.o(i.SYSCFG_Reset), (40 bytes).
    Removing apm32f0xx_syscfg.o(i.SYSCFG_SelectIRDAEnv), (28 bytes).
    Removing apm32f0xx_tmr.o(.rev16_text), (4 bytes).
    Removing apm32f0xx_tmr.o(.revsh_text), (4 bytes).
    Removing apm32f0xx_tmr.o(i.TI1Config), (92 bytes).
    Removing apm32f0xx_tmr.o(i.TI2Config), (108 bytes).
    Removing apm32f0xx_tmr.o(i.TI3Config), (96 bytes).
    Removing apm32f0xx_tmr.o(i.TI4Config), (112 bytes).
    Removing apm32f0xx_tmr.o(i.TMR_ClearIntFlag), (6 bytes).
    Removing apm32f0xx_tmr.o(i.TMR_ClearOC1Ref), (20 bytes).
    Removing apm32f0xx_tmr.o(i.TMR_ClearOC2Ref), (24 bytes).
    Removing apm32f0xx_tmr.o(i.TMR_ClearOC3Ref), (20 bytes).
    Removing apm32f0xx_tmr.o(i.TMR_ClearOC4Ref), (24 bytes).
    Removing apm32f0xx_tmr.o(i.TMR_ClearStatusFlag), (6 bytes).
    Removing apm32f0xx_tmr.o(i.TMR_ConfigBDT), (42 bytes).
    Removing apm32f0xx_tmr.o(i.TMR_ConfigBDTStructInit), (18 bytes).
    Removing apm32f0xx_tmr.o(i.TMR_ConfigCounterMode), (38 bytes).
    Removing apm32f0xx_tmr.o(i.TMR_ConfigDIV), (20 bytes).
    Removing apm32f0xx_tmr.o(i.TMR_ConfigDMA), (8 bytes).
    Removing apm32f0xx_tmr.o(i.TMR_ConfigEncodeInterface), (82 bytes).
    Removing apm32f0xx_tmr.o(i.TMR_ConfigExternalClockMode1), (52 bytes).
    Removing apm32f0xx_tmr.o(i.TMR_ConfigExternalClockMode2), (36 bytes).
    Removing apm32f0xx_tmr.o(i.TMR_ConfigExternalTrigger), (70 bytes).
    Removing apm32f0xx_tmr.o(i.TMR_ConfigITRxExternalClock), (26 bytes).
    Removing apm32f0xx_tmr.o(i.TMR_ConfigInternalClock), (10 bytes).
    Removing apm32f0xx_tmr.o(i.TMR_ConfigRemap), (16 bytes).
    Removing apm32f0xx_tmr.o(i.TMR_ConfigTIxExternalClock), (60 bytes).
    Removing apm32f0xx_tmr.o(i.TMR_ConfigTimeBase), (152 bytes).
    Removing apm32f0xx_tmr.o(i.TMR_ConfigTimeBaseStruct), (18 bytes).
    Removing apm32f0xx_tmr.o(i.TMR_ConfigUPdateRequest), (26 bytes).
    Removing apm32f0xx_tmr.o(i.TMR_Disable), (10 bytes).
    Removing apm32f0xx_tmr.o(i.TMR_DisableAUTOReload), (10 bytes).
    Removing apm32f0xx_tmr.o(i.TMR_DisableCCDMA), (10 bytes).
    Removing apm32f0xx_tmr.o(i.TMR_DisableCCPreload), (10 bytes).
    Removing apm32f0xx_tmr.o(i.TMR_DisableCCxChannel), (12 bytes).
    Removing apm32f0xx_tmr.o(i.TMR_DisableCCxNChannel), (12 bytes).
    Removing apm32f0xx_tmr.o(i.TMR_DisableDMASoure), (8 bytes).
    Removing apm32f0xx_tmr.o(i.TMR_DisableHallSensor), (10 bytes).
    Removing apm32f0xx_tmr.o(i.TMR_DisableInterrupt), (8 bytes).
    Removing apm32f0xx_tmr.o(i.TMR_DisableMasterSlaveMode), (10 bytes).
    Removing apm32f0xx_tmr.o(i.TMR_DisableNGUpdate), (10 bytes).
    Removing apm32f0xx_tmr.o(i.TMR_DisablePWMOutputs), (12 bytes).
    Removing apm32f0xx_tmr.o(i.TMR_DisableSelectCOM), (10 bytes).
    Removing apm32f0xx_tmr.o(i.TMR_Enable), (12 bytes).
    Removing apm32f0xx_tmr.o(i.TMR_EnableAUTOReload), (12 bytes).
    Removing apm32f0xx_tmr.o(i.TMR_EnableCCDMA), (12 bytes).
    Removing apm32f0xx_tmr.o(i.TMR_EnableCCPreload), (12 bytes).
    Removing apm32f0xx_tmr.o(i.TMR_EnableCCxChannel), (12 bytes).
    Removing apm32f0xx_tmr.o(i.TMR_EnableCCxNChannel), (12 bytes).
    Removing apm32f0xx_tmr.o(i.TMR_EnableDMASoure), (8 bytes).
    Removing apm32f0xx_tmr.o(i.TMR_EnableHallSensor), (12 bytes).
    Removing apm32f0xx_tmr.o(i.TMR_EnableInterrupt), (8 bytes).
    Removing apm32f0xx_tmr.o(i.TMR_EnableMasterSlaveMode), (12 bytes).
    Removing apm32f0xx_tmr.o(i.TMR_EnableNGUpdate), (12 bytes).
    Removing apm32f0xx_tmr.o(i.TMR_EnablePWMOutputs), (14 bytes).
    Removing apm32f0xx_tmr.o(i.TMR_EnableSelectCOM), (12 bytes).
    Removing apm32f0xx_tmr.o(i.TMR_ForcedOC1Config), (20 bytes).
    Removing apm32f0xx_tmr.o(i.TMR_ForcedOC2Config), (24 bytes).
    Removing apm32f0xx_tmr.o(i.TMR_ForcedOC3Config), (20 bytes).
    Removing apm32f0xx_tmr.o(i.TMR_ForcedOC4Config), (24 bytes).
    Removing apm32f0xx_tmr.o(i.TMR_GenerateEvent), (8 bytes).
    Removing apm32f0xx_tmr.o(i.TMR_ICConfig), (118 bytes).
    Removing apm32f0xx_tmr.o(i.TMR_ICConfigStructInit), (18 bytes).
    Removing apm32f0xx_tmr.o(i.TMR_OC1Config), (204 bytes).
    Removing apm32f0xx_tmr.o(i.TMR_OC1FastConfit), (20 bytes).
    Removing apm32f0xx_tmr.o(i.TMR_OC1NPolarityConfig), (20 bytes).
    Removing apm32f0xx_tmr.o(i.TMR_OC1PolarityConfig), (20 bytes).
    Removing apm32f0xx_tmr.o(i.TMR_OC1PreloadConfig), (20 bytes).
    Removing apm32f0xx_tmr.o(i.TMR_OC2Config), (200 bytes).
    Removing apm32f0xx_tmr.o(i.TMR_OC2FastConfit), (24 bytes).
    Removing apm32f0xx_tmr.o(i.TMR_OC2NPolarityConfig), (20 bytes).
    Removing apm32f0xx_tmr.o(i.TMR_OC2PolarityConfig), (20 bytes).
    Removing apm32f0xx_tmr.o(i.TMR_OC2PreloadConfig), (24 bytes).
    Removing apm32f0xx_tmr.o(i.TMR_OC3Config), (200 bytes).
    Removing apm32f0xx_tmr.o(i.TMR_OC3FastConfit), (20 bytes).
    Removing apm32f0xx_tmr.o(i.TMR_OC3NPolarityConfig), (24 bytes).
    Removing apm32f0xx_tmr.o(i.TMR_OC3PolarityConfig), (24 bytes).
    Removing apm32f0xx_tmr.o(i.TMR_OC3PreloadConfig), (20 bytes).
    Removing apm32f0xx_tmr.o(i.TMR_OC4Config), (132 bytes).
    Removing apm32f0xx_tmr.o(i.TMR_OC4FastConfit), (24 bytes).
    Removing apm32f0xx_tmr.o(i.TMR_OC4PolarityConfig), (24 bytes).
    Removing apm32f0xx_tmr.o(i.TMR_OC4PreloadConfig), (24 bytes).
    Removing apm32f0xx_tmr.o(i.TMR_OCConfigStructInit), (20 bytes).
    Removing apm32f0xx_tmr.o(i.TMR_PWMConfig), (124 bytes).
    Removing apm32f0xx_tmr.o(i.TMR_ReadCaputer1), (8 bytes).
    Removing apm32f0xx_tmr.o(i.TMR_ReadCaputer2), (8 bytes).
    Removing apm32f0xx_tmr.o(i.TMR_ReadCaputer3), (8 bytes).
    Removing apm32f0xx_tmr.o(i.TMR_ReadCaputer4), (8 bytes).
    Removing apm32f0xx_tmr.o(i.TMR_ReadCounter), (6 bytes).
    Removing apm32f0xx_tmr.o(i.TMR_ReadDiv), (6 bytes).
    Removing apm32f0xx_tmr.o(i.TMR_ReadIntFlag), (26 bytes).
    Removing apm32f0xx_tmr.o(i.TMR_ReadStatusFlag), (18 bytes).
    Removing apm32f0xx_tmr.o(i.TMR_Reset), (232 bytes).
    Removing apm32f0xx_tmr.o(i.TMR_SelectInputTrigger), (26 bytes).
    Removing apm32f0xx_tmr.o(i.TMR_SelectOCREFClear), (20 bytes).
    Removing apm32f0xx_tmr.o(i.TMR_SelectOCxMode), (108 bytes).
    Removing apm32f0xx_tmr.o(i.TMR_SelectOnePulseMode), (20 bytes).
    Removing apm32f0xx_tmr.o(i.TMR_SelectOutputTrigger), (20 bytes).
    Removing apm32f0xx_tmr.o(i.TMR_SelectSlaveMode), (16 bytes).
    Removing apm32f0xx_tmr.o(i.TMR_SetAutoReload), (4 bytes).
    Removing apm32f0xx_tmr.o(i.TMR_SetClockDivision), (24 bytes).
    Removing apm32f0xx_tmr.o(i.TMR_SetCompare1), (4 bytes).
    Removing apm32f0xx_tmr.o(i.TMR_SetCompare2), (4 bytes).
    Removing apm32f0xx_tmr.o(i.TMR_SetCompare3), (4 bytes).
    Removing apm32f0xx_tmr.o(i.TMR_SetCompare4), (4 bytes).
    Removing apm32f0xx_tmr.o(i.TMR_SetCounter), (4 bytes).
    Removing apm32f0xx_tmr.o(i.TMR_SetIC1Prescal), (26 bytes).
    Removing apm32f0xx_tmr.o(i.TMR_SetIC2Prescal), (30 bytes).
    Removing apm32f0xx_tmr.o(i.TMR_SetIC3Prescal), (26 bytes).
    Removing apm32f0xx_tmr.o(i.TMR_SetIC4Prescal), (30 bytes).
    Removing apm32f0xx_usart.o(.rev16_text), (4 bytes).
    Removing apm32f0xx_usart.o(.revsh_text), (4 bytes).
    Removing apm32f0xx_usart.o(i.USART_Address), (42 bytes).
    Removing apm32f0xx_usart.o(i.USART_ClearIntFlag), (8 bytes).
    Removing apm32f0xx_usart.o(i.USART_ClearStatusFlag), (4 bytes).
    Removing apm32f0xx_usart.o(i.USART_ConfigAddressDetection), (20 bytes).
    Removing apm32f0xx_usart.o(i.USART_ConfigAutoBaudRate), (24 bytes).
    Removing apm32f0xx_usart.o(i.USART_ConfigAutoCount), (24 bytes).
    Removing apm32f0xx_usart.o(i.USART_ConfigBlockSize), (18 bytes).
    Removing apm32f0xx_usart.o(i.USART_ConfigDEPolarity), (24 bytes).
    Removing apm32f0xx_usart.o(i.USART_ConfigDMAReceptionError), (24 bytes).
    Removing apm32f0xx_usart.o(i.USART_ConfigDivider), (24 bytes).
    Removing apm32f0xx_usart.o(i.USART_ConfigGuardTime), (30 bytes).
    Removing apm32f0xx_usart.o(i.USART_ConfigIrDAMode), (20 bytes).
    Removing apm32f0xx_usart.o(i.USART_ConfigLINbreakDetectLength), (20 bytes).
    Removing apm32f0xx_usart.o(i.USART_ConfigMuteModeWakeUp), (24 bytes).
    Removing apm32f0xx_usart.o(i.USART_ConfigOverrunDetection), (24 bytes).
    Removing apm32f0xx_usart.o(i.USART_ConfigStopModeWakeUpSource), (24 bytes).
    Removing apm32f0xx_usart.o(i.USART_ConfigStructInit), (24 bytes).
    Removing apm32f0xx_usart.o(i.USART_ConfigSyncClock), (80 bytes).
    Removing apm32f0xx_usart.o(i.USART_ConfigSyncClockStructInit), (12 bytes).
    Removing apm32f0xx_usart.o(i.USART_DEAssertionTimeValue), (34 bytes).
    Removing apm32f0xx_usart.o(i.USART_DEDeassertionTimeValue), (34 bytes).
    Removing apm32f0xx_usart.o(i.USART_Disable), (10 bytes).
    Removing apm32f0xx_usart.o(i.USART_DisableAutoBaudRate), (12 bytes).
    Removing apm32f0xx_usart.o(i.USART_DisableDE), (12 bytes).
    Removing apm32f0xx_usart.o(i.USART_DisableDMA), (50 bytes).
    Removing apm32f0xx_usart.o(i.USART_DisableDataInv), (12 bytes).
    Removing apm32f0xx_usart.o(i.USART_DisableDirectionMode), (46 bytes).
    Removing apm32f0xx_usart.o(i.USART_DisableHalfDuplex), (10 bytes).
    Removing apm32f0xx_usart.o(i.USART_DisableInterrupt), (74 bytes).
    Removing apm32f0xx_usart.o(i.USART_DisableInvPin), (60 bytes).
    Removing apm32f0xx_usart.o(i.USART_DisableIrDA), (10 bytes).
    Removing apm32f0xx_usart.o(i.USART_DisableLINmode), (12 bytes).
    Removing apm32f0xx_usart.o(i.USART_DisableMSBFirst), (12 bytes).
    Removing apm32f0xx_usart.o(i.USART_DisableMuteMode), (12 bytes).
    Removing apm32f0xx_usart.o(i.USART_DisableOneBitMethod), (12 bytes).
    Removing apm32f0xx_usart.o(i.USART_DisableOverSampling8), (12 bytes).
    Removing apm32f0xx_usart.o(i.USART_DisableReceiverTimeOut), (12 bytes).
    Removing apm32f0xx_usart.o(i.USART_DisableRequest), (60 bytes).
    Removing apm32f0xx_usart.o(i.USART_DisableSWAPPin), (12 bytes).
    Removing apm32f0xx_usart.o(i.USART_DisableSmartCard), (10 bytes).
    Removing apm32f0xx_usart.o(i.USART_DisableSmartCardNACK), (10 bytes).
    Removing apm32f0xx_usart.o(i.USART_DisableStopMode), (10 bytes).
    Removing apm32f0xx_usart.o(i.USART_EnableAutoBaudRate), (14 bytes).
    Removing apm32f0xx_usart.o(i.USART_EnableDE), (14 bytes).
    Removing apm32f0xx_usart.o(i.USART_EnableDMA), (58 bytes).
    Removing apm32f0xx_usart.o(i.USART_EnableDataInv), (14 bytes).
    Removing apm32f0xx_usart.o(i.USART_EnableDirectionMode), (54 bytes).
    Removing apm32f0xx_usart.o(i.USART_EnableHalfDuplex), (12 bytes).
    Removing apm32f0xx_usart.o(i.USART_EnableInvPin), (68 bytes).
    Removing apm32f0xx_usart.o(i.USART_EnableIrDA), (12 bytes).
    Removing apm32f0xx_usart.o(i.USART_EnableLINmode), (14 bytes).
    Removing apm32f0xx_usart.o(i.USART_EnableMSBFirst), (14 bytes).
    Removing apm32f0xx_usart.o(i.USART_EnableMuteMode), (14 bytes).
    Removing apm32f0xx_usart.o(i.USART_EnableOneBitMethod), (14 bytes).
    Removing apm32f0xx_usart.o(i.USART_EnableOverSampling8), (14 bytes).
    Removing apm32f0xx_usart.o(i.USART_EnableReceiverTimeOut), (14 bytes).
    Removing apm32f0xx_usart.o(i.USART_EnableRequest), (70 bytes).
    Removing apm32f0xx_usart.o(i.USART_EnableSWAPPin), (14 bytes).
    Removing apm32f0xx_usart.o(i.USART_EnableSmartCard), (12 bytes).
    Removing apm32f0xx_usart.o(i.USART_EnableSmartCardNACK), (12 bytes).
    Removing apm32f0xx_usart.o(i.USART_EnableStopMode), (12 bytes).
    Removing apm32f0xx_usart.o(i.USART_ReadIntFlag), (232 bytes).
    Removing apm32f0xx_usart.o(i.USART_ReceiverTimeOutValue), (20 bytes).
    Removing apm32f0xx_usart.o(i.USART_Reset), (216 bytes).
    Removing apm32f0xx_usart.o(i.USART_RxData), (10 bytes).
    Removing apm32f0xx_wwdt.o(.rev16_text), (4 bytes).
    Removing apm32f0xx_wwdt.o(.revsh_text), (4 bytes).
    Removing apm32f0xx_wwdt.o(i.WWDT_ClearStatusFlag), (20 bytes).
    Removing apm32f0xx_wwdt.o(i.WWDT_ConfigCounter), (16 bytes).
    Removing apm32f0xx_wwdt.o(i.WWDT_ConfigWindowValue), (32 bytes).
    Removing apm32f0xx_wwdt.o(i.WWDT_Enable), (40 bytes).
    Removing apm32f0xx_wwdt.o(i.WWDT_EnableEWI), (24 bytes).
    Removing apm32f0xx_wwdt.o(i.WWDT_ReadStatusFlag), (12 bytes).
    Removing apm32f0xx_wwdt.o(i.WWDT_Reset), (20 bytes).
    Removing apm32f0xx_wwdt.o(i.WWDT_SetTimebase), (44 bytes).
    Removing board.o(.rev16_text), (4 bytes).
    Removing board.o(.revsh_text), (4 bytes).
    Removing board.o(i.APM_MINI_LEDInit), (80 bytes).
    Removing board.o(i.APM_MINI_LEDOff), (24 bytes).
    Removing board.o(i.APM_MINI_LEDOn), (24 bytes).
    Removing board.o(i.APM_MINI_LEDToggle), (36 bytes).
    Removing board.o(i.APM_MINI_PBGetState), (32 bytes).
    Removing board.o(i.APM_MINI_PBInit), (136 bytes).
    Removing board.o(i.APM_MINI_PB_Led_Isr), (46 bytes).
    Removing main.o(.rev16_text), (4 bytes).
    Removing main.o(.revsh_text), (4 bytes).
    Removing apm32f0xx_int.o(.rev16_text), (4 bytes).
    Removing apm32f0xx_int.o(.revsh_text), (4 bytes).
    Removing can_geehy.o(.rev16_text), (4 bytes).
    Removing can_geehy.o(.revsh_text), (4 bytes).
    Removing can_geehy.o(i.CAN_GPIOInit), (68 bytes).
    Removing can_geehy.o(i.CAN_Normal), (148 bytes).
    Removing can_geehy.o(i.CAN_TX), (68 bytes).
    Removing can_geehy.o(.bss), (20 bytes).
    Removing i2c.o(.rev16_text), (4 bytes).
    Removing i2c.o(.revsh_text), (4 bytes).
    Removing spi.o(.rev16_text), (4 bytes).
    Removing spi.o(.revsh_text), (4 bytes).
    Removing spi.o(i.W25QXX_Init), (196 bytes).
    Removing spi.o(i.spi_read_writeByte), (40 bytes).
    Removing spi.o(i.w25qxx_EraseSector), (60 bytes).
    Removing spi.o(i.w25qxx_NoCheck_write_page), (64 bytes).
    Removing spi.o(i.w25qxx_read_SR1), (48 bytes).
    Removing spi.o(i.w25qxx_read_data), (84 bytes).
    Removing spi.o(i.w25qxx_read_id), (76 bytes).
    Removing spi.o(i.w25qxx_wait_busy), (18 bytes).
    Removing spi.o(i.w25qxx_wirte_enable), (36 bytes).
    Removing spi.o(i.w25qxx_write_page), (104 bytes).
    Removing dadd.o(.text), (356 bytes).
    Removing dmul.o(.text), (208 bytes).
    Removing ddiv.o(.text), (240 bytes).
    Removing dfixul.o(.text), (64 bytes).
    Removing cdrcmple.o(.text), (40 bytes).
    Removing depilogue.o(.text), (190 bytes).
    Removing apm32f0xx_rtc.o(i.__ARM_common_switch8), (28 bytes).
    Removing depilogue.o(i.__ARM_clz), (46 bytes).

776 unused section(s) (total 29016 bytes) removed from the image.

==============================================================================

Image Symbol Table

    Local Symbols

    Symbol Name                              Value     Ov Type        Size  Object(Section)

    ../clib/microlib/division.c              0x00000000   Number         0  uldiv.o ABSOLUTE
    ../clib/microlib/division.c              0x00000000   Number         0  idiv.o ABSOLUTE
    ../clib/microlib/division.c              0x00000000   Number         0  uidiv.o ABSOLUTE
    ../clib/microlib/init/entry.s            0x00000000   Number         0  entry7b.o ABSOLUTE
    ../clib/microlib/init/entry.s            0x00000000   Number         0  entry11b.o ABSOLUTE
    ../clib/microlib/init/entry.s            0x00000000   Number         0  entry9a.o ABSOLUTE
    ../clib/microlib/init/entry.s            0x00000000   Number         0  entry8b.o ABSOLUTE
    ../clib/microlib/init/entry.s            0x00000000   Number         0  entry8a.o ABSOLUTE
    ../clib/microlib/init/entry.s            0x00000000   Number         0  entry9b.o ABSOLUTE
    ../clib/microlib/init/entry.s            0x00000000   Number         0  entry5.o ABSOLUTE
    ../clib/microlib/init/entry.s            0x00000000   Number         0  entry11a.o ABSOLUTE
    ../clib/microlib/init/entry.s            0x00000000   Number         0  entry7a.o ABSOLUTE
    ../clib/microlib/init/entry.s            0x00000000   Number         0  entry10b.o ABSOLUTE
    ../clib/microlib/init/entry.s            0x00000000   Number         0  entry2.o ABSOLUTE
    ../clib/microlib/init/entry.s            0x00000000   Number         0  entry10a.o ABSOLUTE
    ../clib/microlib/init/entry.s            0x00000000   Number         0  entry.o ABSOLUTE
    ../clib/microlib/longlong.c              0x00000000   Number         0  llshl.o ABSOLUTE
    ../clib/microlib/longlong.c              0x00000000   Number         0  llushr.o ABSOLUTE
    ../clib/microlib/longlong.c              0x00000000   Number         0  llsshr.o ABSOLUTE
    ../clib/microlib/printf/printf.c         0x00000000   Number         0  printf5.o ABSOLUTE
    ../clib/microlib/printf/printf.c         0x00000000   Number         0  printf6.o ABSOLUTE
    ../clib/microlib/printf/printf.c         0x00000000   Number         0  printf7.o ABSOLUTE
    ../clib/microlib/printf/printf.c         0x00000000   Number         0  printf8.o ABSOLUTE
    ../clib/microlib/printf/printf.c         0x00000000   Number         0  printfa.o ABSOLUTE
    ../clib/microlib/printf/printf.c         0x00000000   Number         0  printfb.o ABSOLUTE
    ../clib/microlib/printf/printf.c         0x00000000   Number         0  printf0.o ABSOLUTE
    ../clib/microlib/printf/printf.c         0x00000000   Number         0  printf1.o ABSOLUTE
    ../clib/microlib/printf/printf.c         0x00000000   Number         0  printf2.o ABSOLUTE
    ../clib/microlib/printf/printf.c         0x00000000   Number         0  printf3.o ABSOLUTE
    ../clib/microlib/printf/printf.c         0x00000000   Number         0  printf4.o ABSOLUTE
    ../clib/microlib/printf/stubs.s          0x00000000   Number         0  stubs.o ABSOLUTE
    ../clib/microlib/stdio/streams.c         0x00000000   Number         0  stdout.o ABSOLUTE
    ../clib/microlib/stubs.s                 0x00000000   Number         0  iusefp.o ABSOLUTE
    ../fplib/microlib/fpadd.c                0x00000000   Number         0  dadd.o ABSOLUTE
    ../fplib/microlib/fpdiv.c                0x00000000   Number         0  ddiv.o ABSOLUTE
    ../fplib/microlib/fpepilogue.c           0x00000000   Number         0  depilogue.o ABSOLUTE
    ../fplib/microlib/fpfix.c                0x00000000   Number         0  dfixul.o ABSOLUTE
    ../fplib/microlib/fpmul.c                0x00000000   Number         0  dmul.o ABSOLUTE
    ..\..\..\..\..\Board\Board.c             0x00000000   Number         0  board.o ABSOLUTE
    ..\..\..\..\..\Library\APM32F0xx_StdPeriphDriver\src\apm32f0xx_adc.c 0x00000000   Number         0  apm32f0xx_adc.o ABSOLUTE
    ..\..\..\..\..\Library\APM32F0xx_StdPeriphDriver\src\apm32f0xx_can.c 0x00000000   Number         0  apm32f0xx_can.o ABSOLUTE
    ..\..\..\..\..\Library\APM32F0xx_StdPeriphDriver\src\apm32f0xx_cec.c 0x00000000   Number         0  apm32f0xx_cec.o ABSOLUTE
    ..\..\..\..\..\Library\APM32F0xx_StdPeriphDriver\src\apm32f0xx_comp.c 0x00000000   Number         0  apm32f0xx_comp.o ABSOLUTE
    ..\..\..\..\..\Library\APM32F0xx_StdPeriphDriver\src\apm32f0xx_crc.c 0x00000000   Number         0  apm32f0xx_crc.o ABSOLUTE
    ..\..\..\..\..\Library\APM32F0xx_StdPeriphDriver\src\apm32f0xx_crs.c 0x00000000   Number         0  apm32f0xx_crs.o ABSOLUTE
    ..\..\..\..\..\Library\APM32F0xx_StdPeriphDriver\src\apm32f0xx_dac.c 0x00000000   Number         0  apm32f0xx_dac.o ABSOLUTE
    ..\..\..\..\..\Library\APM32F0xx_StdPeriphDriver\src\apm32f0xx_dbg.c 0x00000000   Number         0  apm32f0xx_dbg.o ABSOLUTE
    ..\..\..\..\..\Library\APM32F0xx_StdPeriphDriver\src\apm32f0xx_dma.c 0x00000000   Number         0  apm32f0xx_dma.o ABSOLUTE
    ..\..\..\..\..\Library\APM32F0xx_StdPeriphDriver\src\apm32f0xx_eint.c 0x00000000   Number         0  apm32f0xx_eint.o ABSOLUTE
    ..\..\..\..\..\Library\APM32F0xx_StdPeriphDriver\src\apm32f0xx_fmc.c 0x00000000   Number         0  apm32f0xx_fmc.o ABSOLUTE
    ..\..\..\..\..\Library\APM32F0xx_StdPeriphDriver\src\apm32f0xx_gpio.c 0x00000000   Number         0  apm32f0xx_gpio.o ABSOLUTE
    ..\..\..\..\..\Library\APM32F0xx_StdPeriphDriver\src\apm32f0xx_i2c.c 0x00000000   Number         0  apm32f0xx_i2c.o ABSOLUTE
    ..\..\..\..\..\Library\APM32F0xx_StdPeriphDriver\src\apm32f0xx_iwdt.c 0x00000000   Number         0  apm32f0xx_iwdt.o ABSOLUTE
    ..\..\..\..\..\Library\APM32F0xx_StdPeriphDriver\src\apm32f0xx_misc.c 0x00000000   Number         0  apm32f0xx_misc.o ABSOLUTE
    ..\..\..\..\..\Library\APM32F0xx_StdPeriphDriver\src\apm32f0xx_ob.c 0x00000000   Number         0  apm32f0xx_ob.o ABSOLUTE
    ..\..\..\..\..\Library\APM32F0xx_StdPeriphDriver\src\apm32f0xx_pmu.c 0x00000000   Number         0  apm32f0xx_pmu.o ABSOLUTE
    ..\..\..\..\..\Library\APM32F0xx_StdPeriphDriver\src\apm32f0xx_rcm.c 0x00000000   Number         0  apm32f0xx_rcm.o ABSOLUTE
    ..\..\..\..\..\Library\APM32F0xx_StdPeriphDriver\src\apm32f0xx_rtc.c 0x00000000   Number         0  apm32f0xx_rtc.o ABSOLUTE
    ..\..\..\..\..\Library\APM32F0xx_StdPeriphDriver\src\apm32f0xx_spi.c 0x00000000   Number         0  apm32f0xx_spi.o ABSOLUTE
    ..\..\..\..\..\Library\APM32F0xx_StdPeriphDriver\src\apm32f0xx_syscfg.c 0x00000000   Number         0  apm32f0xx_syscfg.o ABSOLUTE
    ..\..\..\..\..\Library\APM32F0xx_StdPeriphDriver\src\apm32f0xx_tmr.c 0x00000000   Number         0  apm32f0xx_tmr.o ABSOLUTE
    ..\..\..\..\..\Library\APM32F0xx_StdPeriphDriver\src\apm32f0xx_usart.c 0x00000000   Number         0  apm32f0xx_usart.o ABSOLUTE
    ..\..\..\..\..\Library\APM32F0xx_StdPeriphDriver\src\apm32f0xx_wwdt.c 0x00000000   Number         0  apm32f0xx_wwdt.o ABSOLUTE
    ..\..\..\..\..\Library\Device\Geehy\APM32F0xx\Source\arm\startup_apm32f072.s 0x00000000   Number         0  startup_apm32f072.o ABSOLUTE
    ..\..\..\..\..\Library\Device\Geehy\APM32F0xx\Source\system_apm32f0xx.c 0x00000000   Number         0  system_apm32f0xx.o ABSOLUTE
    ..\..\Source\apm32f0xx_int.c             0x00000000   Number         0  apm32f0xx_int.o ABSOLUTE
    ..\..\Source\main.c                      0x00000000   Number         0  main.o ABSOLUTE
    ..\\..\\..\\..\\..\\Board\\Board.c       0x00000000   Number         0  board.o ABSOLUTE
    ..\\..\\..\\..\\..\\Library\\APM32F0xx_StdPeriphDriver\\src\\apm32f0xx_adc.c 0x00000000   Number         0  apm32f0xx_adc.o ABSOLUTE
    ..\\..\\..\\..\\..\\Library\\APM32F0xx_StdPeriphDriver\\src\\apm32f0xx_can.c 0x00000000   Number         0  apm32f0xx_can.o ABSOLUTE
    ..\\..\\..\\..\\..\\Library\\APM32F0xx_StdPeriphDriver\\src\\apm32f0xx_cec.c 0x00000000   Number         0  apm32f0xx_cec.o ABSOLUTE
    ..\\..\\..\\..\\..\\Library\\APM32F0xx_StdPeriphDriver\\src\\apm32f0xx_comp.c 0x00000000   Number         0  apm32f0xx_comp.o ABSOLUTE
    ..\\..\\..\\..\\..\\Library\\APM32F0xx_StdPeriphDriver\\src\\apm32f0xx_crc.c 0x00000000   Number         0  apm32f0xx_crc.o ABSOLUTE
    ..\\..\\..\\..\\..\\Library\\APM32F0xx_StdPeriphDriver\\src\\apm32f0xx_crs.c 0x00000000   Number         0  apm32f0xx_crs.o ABSOLUTE
    ..\\..\\..\\..\\..\\Library\\APM32F0xx_StdPeriphDriver\\src\\apm32f0xx_dac.c 0x00000000   Number         0  apm32f0xx_dac.o ABSOLUTE
    ..\\..\\..\\..\\..\\Library\\APM32F0xx_StdPeriphDriver\\src\\apm32f0xx_dbg.c 0x00000000   Number         0  apm32f0xx_dbg.o ABSOLUTE
    ..\\..\\..\\..\\..\\Library\\APM32F0xx_StdPeriphDriver\\src\\apm32f0xx_dma.c 0x00000000   Number         0  apm32f0xx_dma.o ABSOLUTE
    ..\\..\\..\\..\\..\\Library\\APM32F0xx_StdPeriphDriver\\src\\apm32f0xx_eint.c 0x00000000   Number         0  apm32f0xx_eint.o ABSOLUTE
    ..\\..\\..\\..\\..\\Library\\APM32F0xx_StdPeriphDriver\\src\\apm32f0xx_fmc.c 0x00000000   Number         0  apm32f0xx_fmc.o ABSOLUTE
    ..\\..\\..\\..\\..\\Library\\APM32F0xx_StdPeriphDriver\\src\\apm32f0xx_gpio.c 0x00000000   Number         0  apm32f0xx_gpio.o ABSOLUTE
    ..\\..\\..\\..\\..\\Library\\APM32F0xx_StdPeriphDriver\\src\\apm32f0xx_i2c.c 0x00000000   Number         0  apm32f0xx_i2c.o ABSOLUTE
    ..\\..\\..\\..\\..\\Library\\APM32F0xx_StdPeriphDriver\\src\\apm32f0xx_iwdt.c 0x00000000   Number         0  apm32f0xx_iwdt.o ABSOLUTE
    ..\\..\\..\\..\\..\\Library\\APM32F0xx_StdPeriphDriver\\src\\apm32f0xx_misc.c 0x00000000   Number         0  apm32f0xx_misc.o ABSOLUTE
    ..\\..\\..\\..\\..\\Library\\APM32F0xx_StdPeriphDriver\\src\\apm32f0xx_ob.c 0x00000000   Number         0  apm32f0xx_ob.o ABSOLUTE
    ..\\..\\..\\..\\..\\Library\\APM32F0xx_StdPeriphDriver\\src\\apm32f0xx_pmu.c 0x00000000   Number         0  apm32f0xx_pmu.o ABSOLUTE
    ..\\..\\..\\..\\..\\Library\\APM32F0xx_StdPeriphDriver\\src\\apm32f0xx_rcm.c 0x00000000   Number         0  apm32f0xx_rcm.o ABSOLUTE
    ..\\..\\..\\..\\..\\Library\\APM32F0xx_StdPeriphDriver\\src\\apm32f0xx_rtc.c 0x00000000   Number         0  apm32f0xx_rtc.o ABSOLUTE
    ..\\..\\..\\..\\..\\Library\\APM32F0xx_StdPeriphDriver\\src\\apm32f0xx_spi.c 0x00000000   Number         0  apm32f0xx_spi.o ABSOLUTE
    ..\\..\\..\\..\\..\\Library\\APM32F0xx_StdPeriphDriver\\src\\apm32f0xx_syscfg.c 0x00000000   Number         0  apm32f0xx_syscfg.o ABSOLUTE
    ..\\..\\..\\..\\..\\Library\\APM32F0xx_StdPeriphDriver\\src\\apm32f0xx_tmr.c 0x00000000   Number         0  apm32f0xx_tmr.o ABSOLUTE
    ..\\..\\..\\..\\..\\Library\\APM32F0xx_StdPeriphDriver\\src\\apm32f0xx_usart.c 0x00000000   Number         0  apm32f0xx_usart.o ABSOLUTE
    ..\\..\\..\\..\\..\\Library\\APM32F0xx_StdPeriphDriver\\src\\apm32f0xx_wwdt.c 0x00000000   Number         0  apm32f0xx_wwdt.o ABSOLUTE
    ..\\..\\..\\..\\..\\Library\\Device\\Geehy\\APM32F0xx\\Source\\system_apm32f0xx.c 0x00000000   Number         0  system_apm32f0xx.o ABSOLUTE
    ..\\..\\Source\\apm32f0xx_int.c          0x00000000   Number         0  apm32f0xx_int.o ABSOLUTE
    ..\\..\\Source\\main.c                   0x00000000   Number         0  main.o ABSOLUTE
    BSP\CAN_Geehy.c                          0x00000000   Number         0  can_geehy.o ABSOLUTE
    BSP\I2C.c                                0x00000000   Number         0  i2c.o ABSOLUTE
    BSP\SPI.c                                0x00000000   Number         0  spi.o ABSOLUTE
    BSP\\CAN_Geehy.c                         0x00000000   Number         0  can_geehy.o ABSOLUTE
    BSP\\I2C.c                               0x00000000   Number         0  i2c.o ABSOLUTE
    BSP\\SPI.c                               0x00000000   Number         0  spi.o ABSOLUTE
    cdrcmple.s                               0x00000000   Number         0  cdrcmple.o ABSOLUTE
    dc.s                                     0x00000000   Number         0  dc.o ABSOLUTE
    handlers.s                               0x00000000   Number         0  handlers.o ABSOLUTE
    init.s                                   0x00000000   Number         0  init.o ABSOLUTE
    RESET                                    0x08000000   Section      192  startup_apm32f072.o(RESET)
    .ARM.Collect$$$$00000000                 0x080000c0   Section        0  entry.o(.ARM.Collect$$$$00000000)
    .ARM.Collect$$$$00000001                 0x080000c0   Section        4  entry2.o(.ARM.Collect$$$$00000001)
    .ARM.Collect$$$$00000004                 0x080000c4   Section        4  entry5.o(.ARM.Collect$$$$00000004)
    .ARM.Collect$$$$00000008                 0x080000c8   Section        0  entry7b.o(.ARM.Collect$$$$00000008)
    .ARM.Collect$$$$0000000A                 0x080000c8   Section        0  entry8b.o(.ARM.Collect$$$$0000000A)
    .ARM.Collect$$$$0000000B                 0x080000c8   Section        8  entry9a.o(.ARM.Collect$$$$0000000B)
    .ARM.Collect$$$$0000000D                 0x080000d0   Section        0  entry10a.o(.ARM.Collect$$$$0000000D)
    .ARM.Collect$$$$0000000F                 0x080000d0   Section        0  entry11a.o(.ARM.Collect$$$$0000000F)
    .ARM.Collect$$$$00002712                 0x080000d0   Section        4  entry2.o(.ARM.Collect$$$$00002712)
    __lit__00000000                          0x080000d0   Data           4  entry2.o(.ARM.Collect$$$$00002712)
    .text                                    0x080000d4   Section       28  startup_apm32f072.o(.text)
    .text                                    0x080000f0   Section        0  uidiv.o(.text)
    .text                                    0x0800011c   Section        0  idiv.o(.text)
    .text                                    0x08000144   Section        0  uldiv.o(.text)
    .text                                    0x080001a4   Section       36  init.o(.text)
    .text                                    0x080001c8   Section        0  llshl.o(.text)
    .text                                    0x080001e8   Section        0  llushr.o(.text)
    i.APM_MINI_COMInit                       0x0800020c   Section        0  board.o(i.APM_MINI_COMInit)
    i.Delay                                  0x08000344   Section        0  main.o(i.Delay)
    i.GPIO_Config                            0x0800035c   Section        0  apm32f0xx_gpio.o(i.GPIO_Config)
    i.GPIO_ConfigPinAF                       0x080003e6   Section        0  apm32f0xx_gpio.o(i.GPIO_ConfigPinAF)
    i.GPIO_SetBit                            0x0800042c   Section        0  apm32f0xx_gpio.o(i.GPIO_SetBit)
    i.HardFault_Handler                      0x08000430   Section        0  apm32f0xx_int.o(i.HardFault_Handler)
    i.I2CInit                                0x08000434   Section        0  i2c.o(i.I2CInit)
    i.I2C_BufferWritePage                    0x0800050c   Section        0  i2c.o(i.I2C_BufferWritePage)
    i.I2C_ClearStatusFlag                    0x08000640   Section        0  apm32f0xx_i2c.o(i.I2C_ClearStatusFlag)
    i.I2C_Config                             0x08000644   Section        0  apm32f0xx_i2c.o(i.I2C_Config)
    i.I2C_Enable                             0x080006e0   Section        0  apm32f0xx_i2c.o(i.I2C_Enable)
    i.I2C_EnableGenerateStart                0x080006ec   Section        0  apm32f0xx_i2c.o(i.I2C_EnableGenerateStart)
    i.I2C_HandlingTransfer                   0x080006fc   Section        0  apm32f0xx_i2c.o(i.I2C_HandlingTransfer)
    i.I2C_ReadStatusFlag                     0x08000728   Section        0  apm32f0xx_i2c.o(i.I2C_ReadStatusFlag)
    i.I2C_Reset                              0x08000740   Section        0  apm32f0xx_i2c.o(i.I2C_Reset)
    i.I2C_RxData                             0x08000774   Section        0  apm32f0xx_i2c.o(i.I2C_RxData)
    i.I2C_TxData                             0x0800077c   Section        0  apm32f0xx_i2c.o(i.I2C_TxData)
    i.NMI_Handler                            0x08000780   Section        0  apm32f0xx_int.o(i.NMI_Handler)
    i.NVIC_EnableIRQRequest                  0x08000784   Section        0  apm32f0xx_misc.o(i.NVIC_EnableIRQRequest)
    i.NVIC_SetPriority                       0x080007a8   Section        0  apm32f0xx_misc.o(i.NVIC_SetPriority)
    NVIC_SetPriority                         0x080007a9   Thumb Code   110  apm32f0xx_misc.o(i.NVIC_SetPriority)
    i.PendSV_Handler                         0x08000820   Section        0  apm32f0xx_int.o(i.PendSV_Handler)
    i.RCM_ConfigI2CCLK                       0x08000824   Section        0  apm32f0xx_rcm.o(i.RCM_ConfigI2CCLK)
    i.RCM_DisableAPB1PeriphReset             0x08000840   Section        0  apm32f0xx_rcm.o(i.RCM_DisableAPB1PeriphReset)
    i.RCM_EnableAHBPeriphClock               0x08000850   Section        0  apm32f0xx_rcm.o(i.RCM_EnableAHBPeriphClock)
    i.RCM_EnableAPB1PeriphClock              0x08000860   Section        0  apm32f0xx_rcm.o(i.RCM_EnableAPB1PeriphClock)
    i.RCM_EnableAPB1PeriphReset              0x08000870   Section        0  apm32f0xx_rcm.o(i.RCM_EnableAPB1PeriphReset)
    i.RCM_EnableAPB2PeriphClock              0x08000880   Section        0  apm32f0xx_rcm.o(i.RCM_EnableAPB2PeriphClock)
    i.RCM_ReadPCLKFreq                       0x08000890   Section        0  apm32f0xx_rcm.o(i.RCM_ReadPCLKFreq)
    i.RCM_ReadSYSCLKFreq                     0x080008c4   Section        0  apm32f0xx_rcm.o(i.RCM_ReadSYSCLKFreq)
    i.RCM_ReadUSART1CLKFreq                  0x08000968   Section        0  apm32f0xx_rcm.o(i.RCM_ReadUSART1CLKFreq)
    i.RCM_ReadUSART2CLKFreq                  0x080009b8   Section        0  apm32f0xx_rcm.o(i.RCM_ReadUSART2CLKFreq)
    i.SVC_Handler                            0x08000a08   Section        0  apm32f0xx_int.o(i.SVC_Handler)
    i.SysTick_Handler                        0x08000a0a   Section        0  apm32f0xx_int.o(i.SysTick_Handler)
    i.SystemClock48M                         0x08000a0c   Section        0  system_apm32f0xx.o(i.SystemClock48M)
    SystemClock48M                           0x08000a0d   Thumb Code   210  system_apm32f0xx.o(i.SystemClock48M)
    i.SystemClockConfig                      0x08000ae8   Section        0  system_apm32f0xx.o(i.SystemClockConfig)
    SystemClockConfig                        0x08000ae9   Thumb Code     8  system_apm32f0xx.o(i.SystemClockConfig)
    i.SystemInit                             0x08000af0   Section        0  system_apm32f0xx.o(i.SystemInit)
    i.USART_Config                           0x08000b6c   Section        0  apm32f0xx_usart.o(i.USART_Config)
    i.USART_Enable                           0x08000c1c   Section        0  apm32f0xx_usart.o(i.USART_Enable)
    i.USART_EnableInterrupt                  0x08000c28   Section        0  apm32f0xx_usart.o(i.USART_EnableInterrupt)
    i.USART_ReadStatusFlag                   0x08000c72   Section        0  apm32f0xx_usart.o(i.USART_ReadStatusFlag)
    i.USART_TxData                           0x08000c84   Section        0  apm32f0xx_usart.o(i.USART_TxData)
    i.__0printf$5                            0x08000c8c   Section        0  printf5.o(i.__0printf$5)
    i.__scatterload_copy                     0x08000cac   Section       14  handlers.o(i.__scatterload_copy)
    i.__scatterload_null                     0x08000cba   Section        2  handlers.o(i.__scatterload_null)
    i.__scatterload_zeroinit                 0x08000cbc   Section       14  handlers.o(i.__scatterload_zeroinit)
    i._printf_core                           0x08000ccc   Section        0  printf5.o(i._printf_core)
    _printf_core                             0x08000ccd   Thumb Code   688  printf5.o(i._printf_core)
    i.fputc                                  0x08000fa8   Section        0  main.o(i.fputc)
    i.main                                   0x08000fcc   Section        0  main.o(i.main)
    i.sEE_ReadBuffer                         0x08001090   Section        0  i2c.o(i.sEE_ReadBuffer)
    i.sEE_WaitEepromStandbyState             0x08001360   Section        0  i2c.o(i.sEE_WaitEepromStandbyState)
    i.sEE_WriteBuffer                        0x080013d0   Section        0  i2c.o(i.sEE_WriteBuffer)
    .constdata                               0x080015a8   Section       64  board.o(.constdata)
    .data                                    0x20000000   Section       40  board.o(.data)
    .data                                    0x20000028   Section        4  main.o(.data)
    .data                                    0x2000002c   Section        6  i2c.o(.data)
    .data                                    0x20000034   Section        4  stdout.o(.data)
    STACK                                    0x20000038   Section     1024  startup_apm32f072.o(STACK)

    Global Symbols

    Symbol Name                              Value     Ov Type        Size  Object(Section)

    BuildAttributes$$THM_ISAv3M$S$PE$A:L22$X:L11$S22$IEEE1$IW$USESV6$~STKCKD$USESV7$~SHL$OSPACE$ROPI$EBA8$MICROLIB$REQ8$PRES8$EABIv2 0x00000000   Number         0  anon$$obj.o ABSOLUTE
    __ARM_use_no_argv                        0x00000000   Number         0  main.o ABSOLUTE
    _printf_a                                0x00000000   Number         0  stubs.o ABSOLUTE
    _printf_c                                0x00000000   Number         0  stubs.o ABSOLUTE
    _printf_charcount                        0x00000000   Number         0  stubs.o ABSOLUTE
    _printf_d                                0x00000000   Number         0  stubs.o ABSOLUTE
    _printf_e                                0x00000000   Number         0  stubs.o ABSOLUTE
    _printf_f                                0x00000000   Number         0  stubs.o ABSOLUTE
    _printf_flags                            0x00000000   Number         0  stubs.o ABSOLUTE
    _printf_fp_dec                           0x00000000   Number         0  stubs.o ABSOLUTE
    _printf_fp_hex                           0x00000000   Number         0  stubs.o ABSOLUTE
    _printf_g                                0x00000000   Number         0  stubs.o ABSOLUTE
    _printf_i                                0x00000000   Number         0  stubs.o ABSOLUTE
    _printf_int_dec                          0x00000000   Number         0  stubs.o ABSOLUTE
    _printf_l                                0x00000000   Number         0  stubs.o ABSOLUTE
    _printf_lc                               0x00000000   Number         0  stubs.o ABSOLUTE
    _printf_ll                               0x00000000   Number         0  stubs.o ABSOLUTE
    _printf_lld                              0x00000000   Number         0  stubs.o ABSOLUTE
    _printf_lli                              0x00000000   Number         0  stubs.o ABSOLUTE
    _printf_llo                              0x00000000   Number         0  stubs.o ABSOLUTE
    _printf_llu                              0x00000000   Number         0  stubs.o ABSOLUTE
    _printf_llx                              0x00000000   Number         0  stubs.o ABSOLUTE
    _printf_longlong_dec                     0x00000000   Number         0  stubs.o ABSOLUTE
    _printf_longlong_hex                     0x00000000   Number         0  stubs.o ABSOLUTE
    _printf_longlong_oct                     0x00000000   Number         0  stubs.o ABSOLUTE
    _printf_ls                               0x00000000   Number         0  stubs.o ABSOLUTE
    _printf_mbtowc                           0x00000000   Number         0  stubs.o ABSOLUTE
    _printf_n                                0x00000000   Number         0  stubs.o ABSOLUTE
    _printf_o                                0x00000000   Number         0  stubs.o ABSOLUTE
    _printf_p                                0x00000000   Number         0  stubs.o ABSOLUTE
    _printf_percent                          0x00000000   Number         0  stubs.o ABSOLUTE
    _printf_pre_padding                      0x00000000   Number         0  stubs.o ABSOLUTE
    _printf_return_value                     0x00000000   Number         0  stubs.o ABSOLUTE
    _printf_s                                0x00000000   Number         0  stubs.o ABSOLUTE
    _printf_sizespec                         0x00000000   Number         0  stubs.o ABSOLUTE
    _printf_str                              0x00000000   Number         0  stubs.o ABSOLUTE
    _printf_truncate_signed                  0x00000000   Number         0  stubs.o ABSOLUTE
    _printf_truncate_unsigned                0x00000000   Number         0  stubs.o ABSOLUTE
    _printf_u                                0x00000000   Number         0  stubs.o ABSOLUTE
    _printf_wc                               0x00000000   Number         0  stubs.o ABSOLUTE
    _printf_wctomb                           0x00000000   Number         0  stubs.o ABSOLUTE
    _printf_widthprec                        0x00000000   Number         0  stubs.o ABSOLUTE
    _printf_x                                0x00000000   Number         0  stubs.o ABSOLUTE
    __cpp_initialize__aeabi_                  - Undefined Weak Reference
    __cxa_finalize                            - Undefined Weak Reference
    __decompress                              - Undefined Weak Reference
    _clock_init                               - Undefined Weak Reference
    _microlib_exit                            - Undefined Weak Reference
    __Vectors_Size                           0x000000c0   Number         0  startup_apm32f072.o ABSOLUTE
    __Vectors                                0x08000000   Data           4  startup_apm32f072.o(RESET)
    __Vectors_End                            0x080000c0   Data           0  startup_apm32f072.o(RESET)
    __main                                   0x080000c1   Thumb Code     0  entry.o(.ARM.Collect$$$$00000000)
    _main_stk                                0x080000c1   Thumb Code     0  entry2.o(.ARM.Collect$$$$00000001)
    _main_scatterload                        0x080000c5   Thumb Code     0  entry5.o(.ARM.Collect$$$$00000004)
    __main_after_scatterload                 0x080000c9   Thumb Code     0  entry5.o(.ARM.Collect$$$$00000004)
    _main_clock                              0x080000c9   Thumb Code     0  entry7b.o(.ARM.Collect$$$$00000008)
    _main_cpp_init                           0x080000c9   Thumb Code     0  entry8b.o(.ARM.Collect$$$$0000000A)
    _main_init                               0x080000c9   Thumb Code     0  entry9a.o(.ARM.Collect$$$$0000000B)
    __rt_final_cpp                           0x080000d1   Thumb Code     0  entry10a.o(.ARM.Collect$$$$0000000D)
    __rt_final_exit                          0x080000d1   Thumb Code     0  entry11a.o(.ARM.Collect$$$$0000000F)
    Reset_Handler                            0x080000d5   Thumb Code     8  startup_apm32f072.o(.text)
    ADC1_COMP_IRQHandler                     0x080000e7   Thumb Code     0  startup_apm32f072.o(.text)
    CEC_CAN_IRQHandler                       0x080000e7   Thumb Code     0  startup_apm32f072.o(.text)
    DMA1_CH1_IRQHandler                      0x080000e7   Thumb Code     0  startup_apm32f072.o(.text)
    DMA1_CH2_3_IRQHandler                    0x080000e7   Thumb Code     0  startup_apm32f072.o(.text)
    DMA1_CH4_5_6_7_IRQHandler                0x080000e7   Thumb Code     0  startup_apm32f072.o(.text)
    EINT0_1_IRQHandler                       0x080000e7   Thumb Code     0  startup_apm32f072.o(.text)
    EINT2_3_IRQHandler                       0x080000e7   Thumb Code     0  startup_apm32f072.o(.text)
    EINT4_15_IRQHandler                      0x080000e7   Thumb Code     0  startup_apm32f072.o(.text)
    FLASH_IRQHandler                         0x080000e7   Thumb Code     0  startup_apm32f072.o(.text)
    I2C1_IRQHandler                          0x080000e7   Thumb Code     0  startup_apm32f072.o(.text)
    I2C2_IRQHandler                          0x080000e7   Thumb Code     0  startup_apm32f072.o(.text)
    PVD_VDDIO2_IRQHandler                    0x080000e7   Thumb Code     0  startup_apm32f072.o(.text)
    RCM_CRS_IRQHandler                       0x080000e7   Thumb Code     0  startup_apm32f072.o(.text)
    RTC_IRQHandler                           0x080000e7   Thumb Code     0  startup_apm32f072.o(.text)
    SPI1_IRQHandler                          0x080000e7   Thumb Code     0  startup_apm32f072.o(.text)
    SPI2_IRQHandler                          0x080000e7   Thumb Code     0  startup_apm32f072.o(.text)
    TMR14_IRQHandler                         0x080000e7   Thumb Code     0  startup_apm32f072.o(.text)
    TMR15_IRQHandler                         0x080000e7   Thumb Code     0  startup_apm32f072.o(.text)
    TMR16_IRQHandler                         0x080000e7   Thumb Code     0  startup_apm32f072.o(.text)
    TMR17_IRQHandler                         0x080000e7   Thumb Code     0  startup_apm32f072.o(.text)
    TMR1_BRK_UP_TRG_COM_IRQHandler           0x080000e7   Thumb Code     0  startup_apm32f072.o(.text)
    TMR1_CC_IRQHandler                       0x080000e7   Thumb Code     0  startup_apm32f072.o(.text)
    TMR2_IRQHandler                          0x080000e7   Thumb Code     0  startup_apm32f072.o(.text)
    TMR3_IRQHandler                          0x080000e7   Thumb Code     0  startup_apm32f072.o(.text)
    TMR6_DAC_IRQHandler                      0x080000e7   Thumb Code     0  startup_apm32f072.o(.text)
    TMR7_IRQHandler                          0x080000e7   Thumb Code     0  startup_apm32f072.o(.text)
    TSC_IRQHandler                           0x080000e7   Thumb Code     0  startup_apm32f072.o(.text)
    USART1_IRQHandler                        0x080000e7   Thumb Code     0  startup_apm32f072.o(.text)
    USART2_IRQHandler                        0x080000e7   Thumb Code     0  startup_apm32f072.o(.text)
    USART3_4_IRQHandler                      0x080000e7   Thumb Code     0  startup_apm32f072.o(.text)
    USBD_IRQHandler                          0x080000e7   Thumb Code     0  startup_apm32f072.o(.text)
    WWDT_IRQHandler                          0x080000e7   Thumb Code     0  startup_apm32f072.o(.text)
    __aeabi_uidiv                            0x080000f1   Thumb Code     0  uidiv.o(.text)
    __aeabi_uidivmod                         0x080000f1   Thumb Code    44  uidiv.o(.text)
    __aeabi_idiv                             0x0800011d   Thumb Code     0  idiv.o(.text)
    __aeabi_idivmod                          0x0800011d   Thumb Code    40  idiv.o(.text)
    __aeabi_uldivmod                         0x08000145   Thumb Code    96  uldiv.o(.text)
    __scatterload                            0x080001a5   Thumb Code    28  init.o(.text)
    __scatterload_rt2                        0x080001a5   Thumb Code     0  init.o(.text)
    __aeabi_llsl                             0x080001c9   Thumb Code    32  llshl.o(.text)
    _ll_shift_l                              0x080001c9   Thumb Code     0  llshl.o(.text)
    __aeabi_llsr                             0x080001e9   Thumb Code    34  llushr.o(.text)
    _ll_ushift_r                             0x080001e9   Thumb Code     0  llushr.o(.text)
    APM_MINI_COMInit                         0x0800020d   Thumb Code   254  board.o(i.APM_MINI_COMInit)
    Delay                                    0x08000345   Thumb Code    20  main.o(i.Delay)
    GPIO_Config                              0x0800035d   Thumb Code   138  apm32f0xx_gpio.o(i.GPIO_Config)
    GPIO_ConfigPinAF                         0x080003e7   Thumb Code    70  apm32f0xx_gpio.o(i.GPIO_ConfigPinAF)
    GPIO_SetBit                              0x0800042d   Thumb Code     4  apm32f0xx_gpio.o(i.GPIO_SetBit)
    HardFault_Handler                        0x08000431   Thumb Code     2  apm32f0xx_int.o(i.HardFault_Handler)
    I2CInit                                  0x08000435   Thumb Code   204  i2c.o(i.I2CInit)
    I2C_BufferWritePage                      0x0800050d   Thumb Code   302  i2c.o(i.I2C_BufferWritePage)
    I2C_ClearStatusFlag                      0x08000641   Thumb Code     4  apm32f0xx_i2c.o(i.I2C_ClearStatusFlag)
    I2C_Config                               0x08000645   Thumb Code   148  apm32f0xx_i2c.o(i.I2C_Config)
    I2C_Enable                               0x080006e1   Thumb Code    12  apm32f0xx_i2c.o(i.I2C_Enable)
    I2C_EnableGenerateStart                  0x080006ed   Thumb Code    14  apm32f0xx_i2c.o(i.I2C_EnableGenerateStart)
    I2C_HandlingTransfer                     0x080006fd   Thumb Code    38  apm32f0xx_i2c.o(i.I2C_HandlingTransfer)
    I2C_ReadStatusFlag                       0x08000729   Thumb Code    22  apm32f0xx_i2c.o(i.I2C_ReadStatusFlag)
    I2C_Reset                                0x08000741   Thumb Code    46  apm32f0xx_i2c.o(i.I2C_Reset)
    I2C_RxData                               0x08000775   Thumb Code     8  apm32f0xx_i2c.o(i.I2C_RxData)
    I2C_TxData                               0x0800077d   Thumb Code     4  apm32f0xx_i2c.o(i.I2C_TxData)
    NMI_Handler                              0x08000781   Thumb Code     2  apm32f0xx_int.o(i.NMI_Handler)
    NVIC_EnableIRQRequest                    0x08000785   Thumb Code    32  apm32f0xx_misc.o(i.NVIC_EnableIRQRequest)
    PendSV_Handler                           0x08000821   Thumb Code     2  apm32f0xx_int.o(i.PendSV_Handler)
    RCM_ConfigI2CCLK                         0x08000825   Thumb Code    22  apm32f0xx_rcm.o(i.RCM_ConfigI2CCLK)
    RCM_DisableAPB1PeriphReset               0x08000841   Thumb Code    12  apm32f0xx_rcm.o(i.RCM_DisableAPB1PeriphReset)
    RCM_EnableAHBPeriphClock                 0x08000851   Thumb Code    12  apm32f0xx_rcm.o(i.RCM_EnableAHBPeriphClock)
    RCM_EnableAPB1PeriphClock                0x08000861   Thumb Code    12  apm32f0xx_rcm.o(i.RCM_EnableAPB1PeriphClock)
    RCM_EnableAPB1PeriphReset                0x08000871   Thumb Code    12  apm32f0xx_rcm.o(i.RCM_EnableAPB1PeriphReset)
    RCM_EnableAPB2PeriphClock                0x08000881   Thumb Code    12  apm32f0xx_rcm.o(i.RCM_EnableAPB2PeriphClock)
    RCM_ReadPCLKFreq                         0x08000891   Thumb Code    38  apm32f0xx_rcm.o(i.RCM_ReadPCLKFreq)
    RCM_ReadSYSCLKFreq                       0x080008c5   Thumb Code   146  apm32f0xx_rcm.o(i.RCM_ReadSYSCLKFreq)
    RCM_ReadUSART1CLKFreq                    0x08000969   Thumb Code    70  apm32f0xx_rcm.o(i.RCM_ReadUSART1CLKFreq)
    RCM_ReadUSART2CLKFreq                    0x080009b9   Thumb Code    70  apm32f0xx_rcm.o(i.RCM_ReadUSART2CLKFreq)
    SVC_Handler                              0x08000a09   Thumb Code     2  apm32f0xx_int.o(i.SVC_Handler)
    SysTick_Handler                          0x08000a0b   Thumb Code     2  apm32f0xx_int.o(i.SysTick_Handler)
    SystemInit                               0x08000af1   Thumb Code   112  system_apm32f0xx.o(i.SystemInit)
    USART_Config                             0x08000b6d   Thumb Code   154  apm32f0xx_usart.o(i.USART_Config)
    USART_Enable                             0x08000c1d   Thumb Code    12  apm32f0xx_usart.o(i.USART_Enable)
    USART_EnableInterrupt                    0x08000c29   Thumb Code    74  apm32f0xx_usart.o(i.USART_EnableInterrupt)
    USART_ReadStatusFlag                     0x08000c73   Thumb Code    18  apm32f0xx_usart.o(i.USART_ReadStatusFlag)
    USART_TxData                             0x08000c85   Thumb Code     8  apm32f0xx_usart.o(i.USART_TxData)
    __0printf$5                              0x08000c8d   Thumb Code    24  printf5.o(i.__0printf$5)
    __1printf$5                              0x08000c8d   Thumb Code     0  printf5.o(i.__0printf$5)
    __2printf                                0x08000c8d   Thumb Code     0  printf5.o(i.__0printf$5)
    __scatterload_copy                       0x08000cad   Thumb Code    14  handlers.o(i.__scatterload_copy)
    __scatterload_null                       0x08000cbb   Thumb Code     2  handlers.o(i.__scatterload_null)
    __scatterload_zeroinit                   0x08000cbd   Thumb Code    14  handlers.o(i.__scatterload_zeroinit)
    fputc                                    0x08000fa9   Thumb Code    32  main.o(i.fputc)
    main                                     0x08000fcd   Thumb Code   110  main.o(i.main)
    sEE_ReadBuffer                           0x08001091   Thumb Code   714  i2c.o(i.sEE_ReadBuffer)
    sEE_WaitEepromStandbyState               0x08001361   Thumb Code   108  i2c.o(i.sEE_WaitEepromStandbyState)
    sEE_WriteBuffer                          0x080013d1   Thumb Code   464  i2c.o(i.sEE_WriteBuffer)
    GPIO_PIN                                 0x080015a8   Data           4  board.o(.constdata)
    GPIO_CLK                                 0x080015ac   Data           8  board.o(.constdata)
    BUTTON_PIN                               0x080015b4   Data           4  board.o(.constdata)
    BUTTON_CLK                               0x080015b8   Data           8  board.o(.constdata)
    COM_USART_CLK                            0x080015c0   Data           8  board.o(.constdata)
    COM_TX_PORT_CLK                          0x080015c8   Data           8  board.o(.constdata)
    COM_RX_PORT_CLK                          0x080015d0   Data           8  board.o(.constdata)
    COM_TX_PIN                               0x080015d8   Data           4  board.o(.constdata)
    COM_RX_PIN                               0x080015dc   Data           4  board.o(.constdata)
    COM_TX_PIN_SOURCE                        0x080015e0   Data           2  board.o(.constdata)
    COM_RX_PIN_SOURCE                        0x080015e2   Data           2  board.o(.constdata)
    COM_TX_AF                                0x080015e4   Data           2  board.o(.constdata)
    COM_RX_AF                                0x080015e6   Data           2  board.o(.constdata)
    Region$$Table$$Base                      0x080015e8   Number         0  anon$$obj.o(Region$$Table)
    Region$$Table$$Limit                     0x08001608   Number         0  anon$$obj.o(Region$$Table)
    GPIO_PORT                                0x20000000   Data           8  board.o(.data)
    BUTTON_PORT                              0x20000008   Data           8  board.o(.data)
    COM_USART                                0x20000010   Data           8  board.o(.data)
    COM_TX_PORT                              0x20000018   Data           8  board.o(.data)
    COM_RX_PORT                              0x20000020   Data           8  board.o(.data)
    read_num                                 0x20000028   Data           4  main.o(.data)
    sEETimeout                               0x2000002c   Data           4  i2c.o(.data)
    sEEDataNum                               0x20000030   Data           2  i2c.o(.data)
    __stdout                                 0x20000034   Data           4  stdout.o(.data)
    __initial_sp                             0x20000438   Data           0  startup_apm32f072.o(STACK)



==============================================================================

Memory Map of the image

  Image Entry point : 0x080000c1

  Load Region LR_IROM1 (Base: 0x08000000, Size: 0x00001640, Max: 0x00020000, ABSOLUTE)

    Execution Region ER_IROM1 (Exec base: 0x08000000, Load base: 0x08000000, Size: 0x00001608, Max: 0x00020000, ABSOLUTE)

    Exec Addr    Load Addr    Size         Type   Attr      Idx    E Section Name        Object

    0x08000000   0x08000000   0x000000c0   Data   RO           63    RESET               startup_apm32f072.o
    0x080000c0   0x080000c0   0x00000000   Code   RO         5087  * .ARM.Collect$$$$00000000  mc_p.l(entry.o)
    0x080000c0   0x080000c0   0x00000004   Code   RO         5355    .ARM.Collect$$$$00000001  mc_p.l(entry2.o)
    0x080000c4   0x080000c4   0x00000004   Code   RO         5358    .ARM.Collect$$$$00000004  mc_p.l(entry5.o)
    0x080000c8   0x080000c8   0x00000000   Code   RO         5360    .ARM.Collect$$$$00000008  mc_p.l(entry7b.o)
    0x080000c8   0x080000c8   0x00000000   Code   RO         5362    .ARM.Collect$$$$0000000A  mc_p.l(entry8b.o)
    0x080000c8   0x080000c8   0x00000008   Code   RO         5363    .ARM.Collect$$$$0000000B  mc_p.l(entry9a.o)
    0x080000d0   0x080000d0   0x00000000   Code   RO         5365    .ARM.Collect$$$$0000000D  mc_p.l(entry10a.o)
    0x080000d0   0x080000d0   0x00000000   Code   RO         5367    .ARM.Collect$$$$0000000F  mc_p.l(entry11a.o)
    0x080000d0   0x080000d0   0x00000004   Code   RO         5356    .ARM.Collect$$$$00002712  mc_p.l(entry2.o)
    0x080000d4   0x080000d4   0x0000001c   Code   RO           64    .text               startup_apm32f072.o
    0x080000f0   0x080000f0   0x0000002c   Code   RO         5090    .text               mc_p.l(uidiv.o)
    0x0800011c   0x0800011c   0x00000028   Code   RO         5092    .text               mc_p.l(idiv.o)
    0x08000144   0x08000144   0x00000060   Code   RO         5370    .text               mc_p.l(uldiv.o)
    0x080001a4   0x080001a4   0x00000024   Code   RO         5383    .text               mc_p.l(init.o)
    0x080001c8   0x080001c8   0x00000020   Code   RO         5385    .text               mc_p.l(llshl.o)
    0x080001e8   0x080001e8   0x00000022   Code   RO         5387    .text               mc_p.l(llushr.o)
    0x0800020a   0x0800020a   0x00000002   PAD
    0x0800020c   0x0800020c   0x00000138   Code   RO         4746    i.APM_MINI_COMInit  board.o
    0x08000344   0x08000344   0x00000018   Code   RO         4825    i.Delay             main.o
    0x0800035c   0x0800035c   0x0000008a   Code   RO         1621    i.GPIO_Config       apm32f0xx_gpio.o
    0x080003e6   0x080003e6   0x00000046   Code   RO         1622    i.GPIO_ConfigPinAF  apm32f0xx_gpio.o
    0x0800042c   0x0800042c   0x00000004   Code   RO         1630    i.GPIO_SetBit       apm32f0xx_gpio.o
    0x08000430   0x08000430   0x00000002   Code   RO         4876    i.HardFault_Handler  apm32f0xx_int.o
    0x08000432   0x08000432   0x00000002   PAD
    0x08000434   0x08000434   0x000000d8   Code   RO         4961    i.I2CInit           i2c.o
    0x0800050c   0x0800050c   0x00000134   Code   RO         4962    i.I2C_BufferWritePage  i2c.o
    0x08000640   0x08000640   0x00000004   Code   RO         1716    i.I2C_ClearStatusFlag  apm32f0xx_i2c.o
    0x08000644   0x08000644   0x0000009c   Code   RO         1717    i.I2C_Config        apm32f0xx_i2c.o
    0x080006e0   0x080006e0   0x0000000c   Code   RO         1746    i.I2C_Enable        apm32f0xx_i2c.o
    0x080006ec   0x080006ec   0x0000000e   Code   RO         1755    i.I2C_EnableGenerateStart  apm32f0xx_i2c.o
    0x080006fa   0x080006fa   0x00000002   PAD
    0x080006fc   0x080006fc   0x0000002c   Code   RO         1769    i.I2C_HandlingTransfer  apm32f0xx_i2c.o
    0x08000728   0x08000728   0x00000016   Code   RO         1775    i.I2C_ReadStatusFlag  apm32f0xx_i2c.o
    0x0800073e   0x0800073e   0x00000002   PAD
    0x08000740   0x08000740   0x00000034   Code   RO         1777    i.I2C_Reset         apm32f0xx_i2c.o
    0x08000774   0x08000774   0x00000008   Code   RO         1778    i.I2C_RxData        apm32f0xx_i2c.o
    0x0800077c   0x0800077c   0x00000004   Code   RO         1781    i.I2C_TxData        apm32f0xx_i2c.o
    0x08000780   0x08000780   0x00000002   Code   RO         4877    i.NMI_Handler       apm32f0xx_int.o
    0x08000782   0x08000782   0x00000002   PAD
    0x08000784   0x08000784   0x00000024   Code   RO         2201    i.NVIC_EnableIRQRequest  apm32f0xx_misc.o
    0x080007a8   0x080007a8   0x00000078   Code   RO         2203    i.NVIC_SetPriority  apm32f0xx_misc.o
    0x08000820   0x08000820   0x00000002   Code   RO         4878    i.PendSV_Handler    apm32f0xx_int.o
    0x08000822   0x08000822   0x00000002   PAD
    0x08000824   0x08000824   0x0000001c   Code   RO         2435    i.RCM_ConfigI2CCLK  apm32f0xx_rcm.o
    0x08000840   0x08000840   0x00000010   Code   RO         2445    i.RCM_DisableAPB1PeriphReset  apm32f0xx_rcm.o
    0x08000850   0x08000850   0x00000010   Code   RO         2458    i.RCM_EnableAHBPeriphClock  apm32f0xx_rcm.o
    0x08000860   0x08000860   0x00000010   Code   RO         2460    i.RCM_EnableAPB1PeriphClock  apm32f0xx_rcm.o
    0x08000870   0x08000870   0x00000010   Code   RO         2461    i.RCM_EnableAPB1PeriphReset  apm32f0xx_rcm.o
    0x08000880   0x08000880   0x00000010   Code   RO         2462    i.RCM_EnableAPB2PeriphClock  apm32f0xx_rcm.o
    0x08000890   0x08000890   0x00000034   Code   RO         2480    i.RCM_ReadPCLKFreq  apm32f0xx_rcm.o
    0x080008c4   0x080008c4   0x000000a4   Code   RO         2481    i.RCM_ReadSYSCLKFreq  apm32f0xx_rcm.o
    0x08000968   0x08000968   0x00000050   Code   RO         2484    i.RCM_ReadUSART1CLKFreq  apm32f0xx_rcm.o
    0x080009b8   0x080009b8   0x00000050   Code   RO         2485    i.RCM_ReadUSART2CLKFreq  apm32f0xx_rcm.o
    0x08000a08   0x08000a08   0x00000002   Code   RO         4879    i.SVC_Handler       apm32f0xx_int.o
    0x08000a0a   0x08000a0a   0x00000002   Code   RO         4880    i.SysTick_Handler   apm32f0xx_int.o
    0x08000a0c   0x08000a0c   0x000000dc   Code   RO            3    i.SystemClock48M    system_apm32f0xx.o
    0x08000ae8   0x08000ae8   0x00000008   Code   RO            4    i.SystemClockConfig  system_apm32f0xx.o
    0x08000af0   0x08000af0   0x0000007c   Code   RO            6    i.SystemInit        system_apm32f0xx.o
    0x08000b6c   0x08000b6c   0x000000b0   Code   RO         4247    i.USART_Config      apm32f0xx_usart.o
    0x08000c1c   0x08000c1c   0x0000000c   Code   RO         4287    i.USART_Enable      apm32f0xx_usart.o
    0x08000c28   0x08000c28   0x0000004a   Code   RO         4294    i.USART_EnableInterrupt  apm32f0xx_usart.o
    0x08000c72   0x08000c72   0x00000012   Code   RO         4309    i.USART_ReadStatusFlag  apm32f0xx_usart.o
    0x08000c84   0x08000c84   0x00000008   Code   RO         4313    i.USART_TxData      apm32f0xx_usart.o
    0x08000c8c   0x08000c8c   0x00000020   Code   RO         5227    i.__0printf$5       mc_p.l(printf5.o)
    0x08000cac   0x08000cac   0x0000000e   Code   RO         5397    i.__scatterload_copy  mc_p.l(handlers.o)
    0x08000cba   0x08000cba   0x00000002   Code   RO         5398    i.__scatterload_null  mc_p.l(handlers.o)
    0x08000cbc   0x08000cbc   0x0000000e   Code   RO         5399    i.__scatterload_zeroinit  mc_p.l(handlers.o)
    0x08000cca   0x08000cca   0x00000002   PAD
    0x08000ccc   0x08000ccc   0x000002dc   Code   RO         5234    i._printf_core      mc_p.l(printf5.o)
    0x08000fa8   0x08000fa8   0x00000024   Code   RO         4826    i.fputc             main.o
    0x08000fcc   0x08000fcc   0x000000c4   Code   RO         4827    i.main              main.o
    0x08001090   0x08001090   0x000002d0   Code   RO         4963    i.sEE_ReadBuffer    i2c.o
    0x08001360   0x08001360   0x00000070   Code   RO         4964    i.sEE_WaitEepromStandbyState  i2c.o
    0x080013d0   0x080013d0   0x000001d8   Code   RO         4965    i.sEE_WriteBuffer   i2c.o
    0x080015a8   0x080015a8   0x00000040   Data   RO         4754    .constdata          board.o
    0x080015e8   0x080015e8   0x00000020   Data   RO         5395    Region$$Table       anon$$obj.o


    Execution Region RW_IRAM1 (Exec base: 0x20000000, Load base: 0x08001608, Size: 0x00000438, Max: 0x00004000, ABSOLUTE)

    Exec Addr    Load Addr    Size         Type   Attr      Idx    E Section Name        Object

    0x20000000   0x08001608   0x00000028   Data   RW         4755    .data               board.o
    0x20000028   0x08001630   0x00000004   Data   RW         4828    .data               main.o
    0x2000002c   0x08001634   0x00000006   Data   RW         4966    .data               i2c.o
    0x20000032   0x0800163a   0x00000002   PAD
    0x20000034   0x0800163c   0x00000004   Data   RW         5369    .data               mc_p.l(stdout.o)
    0x20000038        -       0x00000400   Zero   RW           61    STACK               startup_apm32f072.o


==============================================================================

Image component sizes


      Code (inc. data)   RO Data    RW Data    ZI Data      Debug   Object Name

         0          0          0          0          0       4556   apm32f0xx_adc.o
       212          0          0          0          0       4487   apm32f0xx_gpio.o
       316         20          0          0          0      10144   apm32f0xx_i2c.o
        10          0          0          0          0       2275   apm32f0xx_int.o
       156         14          0          0          0       7232   apm32f0xx_misc.o
       484         78          0          0          0       6387   apm32f0xx_rcm.o
       288         22          0          0          0       7788   apm32f0xx_usart.o
       312         58         64         40          0       4733   board.o
      1828         36          0          6          0       5752   i2c.o
       256         94          0          4          0       3850   main.o
        28          8        192          0       1024        740   startup_apm32f072.o
       352         22          0          0          0      65589   system_apm32f0xx.o

    ----------------------------------------------------------------------
      4252        352        288         52       1024     123533   Object Totals
         0          0         32          0          0          0   (incl. Generated)
        10          0          0          2          0          0   (incl. Padding)

    ----------------------------------------------------------------------

      Code (inc. data)   RO Data    RW Data    ZI Data      Debug   Library Member Name

         0          0          0          0          0          0   entry.o
         0          0          0          0          0          0   entry10a.o
         0          0          0          0          0          0   entry11a.o
         8          4          0          0          0          0   entry2.o
         4          0          0          0          0          0   entry5.o
         0          0          0          0          0          0   entry7b.o
         0          0          0          0          0          0   entry8b.o
         8          4          0          0          0          0   entry9a.o
        30          0          0          0          0          0   handlers.o
        40          0          0          0          0         72   idiv.o
        36          8          0          0          0         68   init.o
        32          0          0          0          0         68   llshl.o
        34          0          0          0          0         68   llushr.o
       764         52          0          0          0        168   printf5.o
         0          0          0          4          0          0   stdout.o
        44          0          0          0          0         72   uidiv.o
        96          0          0          0          0         84   uldiv.o

    ----------------------------------------------------------------------
      1100         68          0          4          0        600   Library Totals
         4          0          0          0          0          0   (incl. Padding)

    ----------------------------------------------------------------------

      Code (inc. data)   RO Data    RW Data    ZI Data      Debug   Library Name

      1096         68          0          4          0        600   mc_p.l

    ----------------------------------------------------------------------
      1100         68          0          4          0        600   Library Totals

    ----------------------------------------------------------------------

==============================================================================


      Code (inc. data)   RO Data    RW Data    ZI Data      Debug   

      5352        420        288         56       1024     122217   Grand Totals
      5352        420        288         56       1024     122217   ELF Image Totals
      5352        420        288         56          0          0   ROM Totals

==============================================================================

    Total RO  Size (Code + RO Data)                 5640 (   5.51kB)
    Total RW  Size (RW Data + ZI Data)              1080 (   1.05kB)
    Total ROM Size (Code + RO Data + RW Data)       5696 (   5.56kB)

==============================================================================

